Default bit length: 249
Default security parameter: 40
Compiling file Programs/Source/audit_lakey_12_40_derive.mpc
ring=GFP, q=2^12, p=2^8, m=512, l=37
KEYGEN=True, COMPOSE=True, REVEAL=False, OPTIMIZE=False
Compiled 100000 lines at Fri Sep 11 10:45:30 2026
Compiled 200000 lines at Fri Sep 11 10:45:31 2026
Compiled 300000 lines at Fri Sep 11 10:45:31 2026
Compiled 400000 lines at Fri Sep 11 10:45:32 2026
Compiled 500000 lines at Fri Sep 11 10:45:33 2026
Compiled 600000 lines at Fri Sep 11 10:45:33 2026
Compiled 700000 lines at Fri Sep 11 10:45:34 2026
Compiled 800000 lines at Fri Sep 11 10:45:35 2026
Compiled 900000 lines at Fri Sep 11 10:45:35 2026
Compiled 1000000 lines at Fri Sep 11 10:45:36 2026
Compiled 1100000 lines at Fri Sep 11 10:45:37 2026
Compiled 1200000 lines at Fri Sep 11 10:45:37 2026
Compiled 1300000 lines at Fri Sep 11 10:45:38 2026
Compiled 1400000 lines at Fri Sep 11 10:45:39 2026
Compiled 1500000 lines at Fri Sep 11 10:45:40 2026
Compiled 1600000 lines at Fri Sep 11 10:45:41 2026
Compiled 1700000 lines at Fri Sep 11 10:45:41 2026
Compiled 1800000 lines at Fri Sep 11 10:45:42 2026
Compiled 1900000 lines at Fri Sep 11 10:45:43 2026
Compiled 2000000 lines at Fri Sep 11 10:45:44 2026
Compiled 2100000 lines at Fri Sep 11 10:45:44 2026
Compiled 2200000 lines at Fri Sep 11 10:45:45 2026
Compiled 2300000 lines at Fri Sep 11 10:45:45 2026
Compiled 2400000 lines at Fri Sep 11 10:45:47 2026
Compiled 2500000 lines at Fri Sep 11 10:45:47 2026
Compiled 2600000 lines at Fri Sep 11 10:45:48 2026
Compiled 2700000 lines at Fri Sep 11 10:45:48 2026
Compiled 2800000 lines at Fri Sep 11 10:45:49 2026
Compiled 2900000 lines at Fri Sep 11 10:45:49 2026
Compiled 3000000 lines at Fri Sep 11 10:45:51 2026
Compiled 3100000 lines at Fri Sep 11 10:45:52 2026
Compiled 3200000 lines at Fri Sep 11 10:45:52 2026
Compiled 3300000 lines at Fri Sep 11 10:45:53 2026
Compiled 3400000 lines at Fri Sep 11 10:45:53 2026
Compiled 3500000 lines at Fri Sep 11 10:45:54 2026
Compiled 3600000 lines at Fri Sep 11 10:45:54 2026
Compiled 3700000 lines at Fri Sep 11 10:45:56 2026
Compiled 3800000 lines at Fri Sep 11 10:45:57 2026
Compiled 3900000 lines at Fri Sep 11 10:45:57 2026
Compiled 4000000 lines at Fri Sep 11 10:45:58 2026
Compiled 4100000 lines at Fri Sep 11 10:45:58 2026
Compiled 4200000 lines at Fri Sep 11 10:45:59 2026
Compiled 4300000 lines at Fri Sep 11 10:46:00 2026
Compiled 4400000 lines at Fri Sep 11 10:46:00 2026
Compiled 4500000 lines at Fri Sep 11 10:46:01 2026
Compiled 4600000 lines at Fri Sep 11 10:46:03 2026
Compiled 4700000 lines at Fri Sep 11 10:46:04 2026
Compiled 4800000 lines at Fri Sep 11 10:46:04 2026
Writing to Programs/Schedules/audit_lakey_12_40_derive.sch
Writing to Programs/Bytecode/audit_lakey_12_40_derive-0.bc
Hash: e0c62b38002781e261b1e05f4ee1d01dfbf18e014d8cdf3ff6d2a88787db4624
Program requires at most:
         inf integer opens
         inf integer triples
         inf integer bits
         inf virtual machine rounds
