git submodule update --init deps/mpir || git clone https://github.com/wbhart/mpir deps/mpir
cd deps/mpir; \
	autoreconf -i; \
	autoreconf -i
glibtoolize: Consider adding 'AC_CONFIG_MACRO_DIRS([m4])' to configure.ac,
glibtoolize: and rerunning glibtoolize and aclocal.
glibtoolize: Consider adding '-I m4' to ACLOCAL_AMFLAGS in Makefile.am.
configure.ac:72: warning: The macro 'AC_HELP_STRING' is obsolete.
configure.ac:72: You should run autoupdate.
./lib/autoconf/general.m4:205: AC_HELP_STRING is expanded from...
./lib/autoconf/general.m4:1603: AC_ARG_WITH is expanded from...
configure.ac:72: the top level
configure.ac:79: warning: The macro 'AC_HELP_STRING' is obsolete.
configure.ac:79: You should run autoupdate.
./lib/autoconf/general.m4:205: AC_HELP_STRING is expanded from...
configure.ac:79: the top level
configure.ac:97: warning: The macro 'AC_HELP_STRING' is obsolete.
configure.ac:97: You should run autoupdate.
./lib/autoconf/general.m4:205: AC_HELP_STRING is expanded from...
configure.ac:97: the top level
configure.ac:122: warning: The macro 'AC_HELP_STRING' is obsolete.
configure.ac:122: You should run autoupdate.
./lib/autoconf/general.m4:205: AC_HELP_STRING is expanded from...
configure.ac:122: the top level
configure.ac:131: warning: The macro 'AC_HELP_STRING' is obsolete.
configure.ac:131: You should run autoupdate.
./lib/autoconf/general.m4:205: AC_HELP_STRING is expanded from...
configure.ac:131: the top level
configure.ac:144: warning: The macro 'AC_HELP_STRING' is obsolete.
configure.ac:144: You should run autoupdate.
./lib/autoconf/general.m4:205: AC_HELP_STRING is expanded from...
configure.ac:144: the top level
configure.ac:154: warning: The macro 'AC_HELP_STRING' is obsolete.
configure.ac:154: You should run autoupdate.
./lib/autoconf/general.m4:205: AC_HELP_STRING is expanded from...
configure.ac:154: the top level
configure.ac:170: warning: The macro 'AC_HELP_STRING' is obsolete.
configure.ac:170: You should run autoupdate.
./lib/autoconf/general.m4:205: AC_HELP_STRING is expanded from...
configure.ac:170: the top level
configure.ac:203: warning: The macro 'AC_HELP_STRING' is obsolete.
configure.ac:203: You should run autoupdate.
./lib/autoconf/general.m4:205: AC_HELP_STRING is expanded from...
configure.ac:203: the top level
configure.ac:1355: warning: The macro 'AC_FD_CC' is obsolete.
configure.ac:1355: You should run autoupdate.
./lib/autoconf/general.m4:400: AC_FD_CC is expanded from...
configure.ac:1355: the top level
configure.ac:1468: warning: The macro 'AC_FD_CC' is obsolete.
configure.ac:1468: You should run autoupdate.
./lib/autoconf/general.m4:400: AC_FD_CC is expanded from...
acinclude.m4:890: GMP_PROG_CC_IS_GNU is expanded from...
configure.ac:1468: the top level
configure.ac:1518: warning: The macro 'AC_FD_CC' is obsolete.
configure.ac:1518: You should run autoupdate.
./lib/autoconf/general.m4:400: AC_FD_CC is expanded from...
acinclude.m4:766: GMP_PROG_CC_WORKS_PART_TEST is expanded from...
acinclude.m4:756: GMP_PROG_CC_WORKS_PART_MAIN is expanded from...
acinclude.m4:747: GMP_PROG_CC_WORKS_PART is expanded from...
acinclude.m4:476: GMP_PROG_CC_WORKS is expanded from...
configure.ac:1518: the top level
configure.ac:1518: warning: The macro 'AC_FD_CC' is obsolete.
configure.ac:1518: You should run autoupdate.
./lib/autoconf/general.m4:400: AC_FD_CC is expanded from...
acinclude.m4:766: GMP_PROG_CC_WORKS_PART_TEST is expanded from...
acinclude.m4:756: GMP_PROG_CC_WORKS_PART_MAIN is expanded from...
acinclude.m4:476: GMP_PROG_CC_WORKS is expanded from...
configure.ac:1518: the top level
configure.ac:1518: warning: The macro 'AC_FD_CC' is obsolete.
configure.ac:1518: You should run autoupdate.
./lib/autoconf/general.m4:400: AC_FD_CC is expanded from...
acinclude.m4:766: GMP_PROG_CC_WORKS_PART_TEST is expanded from...
acinclude.m4:476: GMP_PROG_CC_WORKS is expanded from...
configure.ac:1518: the top level
configure.ac:1518: warning: The macro 'AC_FD_CC' is obsolete.
configure.ac:1518: You should run autoupdate.
./lib/autoconf/general.m4:400: AC_FD_CC is expanded from...
acinclude.m4:766: GMP_PROG_CC_WORKS_PART_TEST is expanded from...
acinclude.m4:756: GMP_PROG_CC_WORKS_PART_MAIN is expanded from...
acinclude.m4:747: GMP_PROG_CC_WORKS_PART is expanded from...
acinclude.m4:766: GMP_PROG_CC_WORKS_PART_TEST is expanded from...
acinclude.m4:476: GMP_PROG_CC_WORKS is expanded from...
configure.ac:1518: the top level
configure.ac:1518: warning: The macro 'AC_FD_CC' is obsolete.
configure.ac:1518: You should run autoupdate.
./lib/autoconf/general.m4:400: AC_FD_CC is expanded from...
acinclude.m4:957: GMP_PROG_CC_X86_GOT_EAX_EMITTED is expanded from...
acinclude.m4:476: GMP_PROG_CC_WORKS is expanded from...
configure.ac:1518: the top level
configure.ac:1518: warning: The macro 'AC_FD_CC' is obsolete.
configure.ac:1518: You should run autoupdate.
./lib/autoconf/general.m4:400: AC_FD_CC is expanded from...
acinclude.m4:2274: GMP_ASM_X86_GOT_EAX_OK is expanded from...
acinclude.m4:957: GMP_PROG_CC_X86_GOT_EAX_EMITTED is expanded from...
acinclude.m4:476: GMP_PROG_CC_WORKS is expanded from...
configure.ac:1518: the top level
configure.ac:1525: warning: The macro 'AC_FD_CC' is obsolete.
configure.ac:1525: You should run autoupdate.
./lib/autoconf/general.m4:400: AC_FD_CC is expanded from...
acinclude.m4:813: GMP_PROG_CC_WORKS_LONGLONG is expanded from...
configure.ac:1525: the top level
configure.ac:1537: warning: The macro 'AC_FD_CC' is obsolete.
configure.ac:1537: You should run autoupdate.
./lib/autoconf/general.m4:400: AC_FD_CC is expanded from...
acinclude.m4:1028: GMP_GCC_ARM_UMODSI is expanded from...
configure.ac:1537: the top level
configure.ac:1538: warning: The macro 'AC_FD_CC' is obsolete.
configure.ac:1538: You should run autoupdate.
./lib/autoconf/general.m4:400: AC_FD_CC is expanded from...
acinclude.m4:1053: GMP_GCC_MIPS_O32 is expanded from...
configure.ac:1538: the top level
configure.ac:1539: warning: The macro 'AC_FD_CC' is obsolete.
configure.ac:1539: You should run autoupdate.
./lib/autoconf/general.m4:400: AC_FD_CC is expanded from...
acinclude.m4:853: GMP_C_TEST_SIZEOF is expanded from...
configure.ac:1539: the top level
configure.ac:1612: warning: The macro 'AC_FD_CC' is obsolete.
configure.ac:1612: You should run autoupdate.
./lib/autoconf/general.m4:400: AC_FD_CC is expanded from...
lib/m4sugar/m4sh.m4:689: _AS_IF_ELSE is expanded from...
lib/m4sugar/m4sh.m4:696: AS_IF is expanded from...
./lib/autoconf/general.m4:2305: AC_CACHE_VAL is expanded from...
./lib/autoconf/general.m4:2326: AC_CACHE_CHECK is expanded from...
acinclude.m4:1205: GMP_OS_X86_XMM is expanded from...
configure.ac:1612: the top level
configure.ac:1617: warning: The macro 'AC_FD_CC' is obsolete.
configure.ac:1617: You should run autoupdate.
./lib/autoconf/general.m4:400: AC_FD_CC is expanded from...
acinclude.m4:1088: GMP_GCC_NO_CPP_PRECOMP is expanded from...
configure.ac:1617: the top level
configure.ac:1626: warning: The macro 'AC_FD_CC' is obsolete.
configure.ac:1626: You should run autoupdate.
./lib/autoconf/general.m4:400: AC_FD_CC is expanded from...
acinclude.m4:766: GMP_PROG_CC_WORKS_PART_TEST is expanded from...
acinclude.m4:756: GMP_PROG_CC_WORKS_PART_MAIN is expanded from...
acinclude.m4:747: GMP_PROG_CC_WORKS_PART is expanded from...
acinclude.m4:476: GMP_PROG_CC_WORKS is expanded from...
configure.ac:1626: the top level
configure.ac:1626: warning: The macro 'AC_FD_CC' is obsolete.
configure.ac:1626: You should run autoupdate.
./lib/autoconf/general.m4:400: AC_FD_CC is expanded from...
acinclude.m4:766: GMP_PROG_CC_WORKS_PART_TEST is expanded from...
acinclude.m4:756: GMP_PROG_CC_WORKS_PART_MAIN is expanded from...
acinclude.m4:476: GMP_PROG_CC_WORKS is expanded from...
configure.ac:1626: the top level
configure.ac:1626: warning: The macro 'AC_FD_CC' is obsolete.
configure.ac:1626: You should run autoupdate.
./lib/autoconf/general.m4:400: AC_FD_CC is expanded from...
acinclude.m4:766: GMP_PROG_CC_WORKS_PART_TEST is expanded from...
acinclude.m4:476: GMP_PROG_CC_WORKS is expanded from...
configure.ac:1626: the top level
configure.ac:1626: warning: The macro 'AC_FD_CC' is obsolete.
configure.ac:1626: You should run autoupdate.
./lib/autoconf/general.m4:400: AC_FD_CC is expanded from...
acinclude.m4:766: GMP_PROG_CC_WORKS_PART_TEST is expanded from...
acinclude.m4:756: GMP_PROG_CC_WORKS_PART_MAIN is expanded from...
acinclude.m4:747: GMP_PROG_CC_WORKS_PART is expanded from...
acinclude.m4:766: GMP_PROG_CC_WORKS_PART_TEST is expanded from...
acinclude.m4:476: GMP_PROG_CC_WORKS is expanded from...
configure.ac:1626: the top level
configure.ac:1626: warning: The macro 'AC_FD_CC' is obsolete.
configure.ac:1626: You should run autoupdate.
./lib/autoconf/general.m4:400: AC_FD_CC is expanded from...
acinclude.m4:957: GMP_PROG_CC_X86_GOT_EAX_EMITTED is expanded from...
acinclude.m4:476: GMP_PROG_CC_WORKS is expanded from...
configure.ac:1626: the top level
configure.ac:1626: warning: The macro 'AC_FD_CC' is obsolete.
configure.ac:1626: You should run autoupdate.
./lib/autoconf/general.m4:400: AC_FD_CC is expanded from...
acinclude.m4:2274: GMP_ASM_X86_GOT_EAX_OK is expanded from...
acinclude.m4:957: GMP_PROG_CC_X86_GOT_EAX_EMITTED is expanded from...
acinclude.m4:476: GMP_PROG_CC_WORKS is expanded from...
configure.ac:1626: the top level
configure.ac:1719: warning: The macro 'AC_GNU_SOURCE' is obsolete.
configure.ac:1719: You should run autoupdate.
./lib/autoconf/specific.m4:486: AC_GNU_SOURCE is expanded from...
configure.ac:1719: the top level
configure.ac:1723: warning: The macro 'AC_PROG_CC_STDC' is obsolete.
configure.ac:1723: You should run autoupdate.
./lib/autoconf/c.m4:1795: AC_PROG_CC_STDC is expanded from...
configure.ac:1723: the top level
configure.ac:1725: warning: The macro 'AC_TRY_COMPILE' is obsolete.
configure.ac:1725: You should run autoupdate.
./lib/autoconf/general.m4:2903: AC_TRY_COMPILE is expanded from...
acinclude.m4:3362: GMP_H_ANSI is expanded from...
configure.ac:1725: the top level
configure.ac:1729: warning: The macro 'AC_FD_CC' is obsolete.
configure.ac:1729: You should run autoupdate.
./lib/autoconf/general.m4:400: AC_FD_CC is expanded from...
acinclude.m4:3464: GMP_PROG_CC_FOR_BUILD_WORKS is expanded from...
acinclude.m4:3432: GMP_PROG_CC_FOR_BUILD is expanded from...
configure.ac:1729: the top level
configure.ac:1730: warning: The macro 'AC_FD_CC' is obsolete.
configure.ac:1730: You should run autoupdate.
./lib/autoconf/general.m4:400: AC_FD_CC is expanded from...
lib/m4sugar/m4sh.m4:689: _AS_IF_ELSE is expanded from...
lib/m4sugar/m4sh.m4:696: AS_IF is expanded from...
./lib/autoconf/general.m4:2305: AC_CACHE_VAL is expanded from...
acinclude.m4:3498: GMP_PROG_CPP_FOR_BUILD is expanded from...
configure.ac:1730: the top level
configure.ac:1731: warning: The macro 'AC_FD_CC' is obsolete.
configure.ac:1731: You should run autoupdate.
./lib/autoconf/general.m4:400: AC_FD_CC is expanded from...
lib/m4sugar/m4sh.m4:689: _AS_IF_ELSE is expanded from...
lib/m4sugar/m4sh.m4:696: AS_IF is expanded from...
./lib/autoconf/general.m4:2305: AC_CACHE_VAL is expanded from...
./lib/autoconf/general.m4:2326: AC_CACHE_CHECK is expanded from...
acinclude.m4:3538: GMP_PROG_EXEEXT_FOR_BUILD is expanded from...
configure.ac:1731: the top level
configure.ac:1769: warning: The macro 'AC_FD_CC' is obsolete.
configure.ac:1769: You should run autoupdate.
./lib/autoconf/general.m4:400: AC_FD_CC is expanded from...
configure.ac:1769: the top level
configure.ac:1795: warning: The macro 'AC_FD_CC' is obsolete.
configure.ac:1795: You should run autoupdate.
./lib/autoconf/general.m4:400: AC_FD_CC is expanded from...
acinclude.m4:1347: GMP_PROG_CXX_WORKS_PART is expanded from...
acinclude.m4:1311: GMP_PROG_CXX_WORKS is expanded from...
configure.ac:1795: the top level
configure.ac:1846: warning: The macro 'AC_FD_CC' is obsolete.
configure.ac:1846: You should run autoupdate.
./lib/autoconf/general.m4:400: AC_FD_CC is expanded from...
acinclude.m4:1506: GMP_TRY_ASSEMBLE is expanded from...
lib/m4sugar/m4sh.m4:689: _AS_IF_ELSE is expanded from...
lib/m4sugar/m4sh.m4:696: AS_IF is expanded from...
./lib/autoconf/general.m4:2305: AC_CACHE_VAL is expanded from...
./lib/autoconf/general.m4:2326: AC_CACHE_CHECK is expanded from...
acinclude.m4:2364: GMP_ASM_X86_MMX is expanded from...
configure.ac:1846: the top level
configure.ac:1849: warning: The macro 'AC_FD_CC' is obsolete.
configure.ac:1849: You should run autoupdate.
./lib/autoconf/general.m4:400: AC_FD_CC is expanded from...
acinclude.m4:1506: GMP_TRY_ASSEMBLE is expanded from...
lib/m4sugar/m4sh.m4:689: _AS_IF_ELSE is expanded from...
lib/m4sugar/m4sh.m4:696: AS_IF is expanded from...
./lib/autoconf/general.m4:2305: AC_CACHE_VAL is expanded from...
./lib/autoconf/general.m4:2326: AC_CACHE_CHECK is expanded from...
acinclude.m4:2443: GMP_ASM_X86_SSE2 is expanded from...
configure.ac:1849: the top level
configure.ac:1856: warning: The macro 'AC_FD_CC' is obsolete.
configure.ac:1856: You should run autoupdate.
./lib/autoconf/general.m4:400: AC_FD_CC is expanded from...
configure.ac:1856: the top level
configure.ac:1879: warning: The macro 'AC_PROG_NM' is obsolete.
configure.ac:1879: You should run autoupdate.
aclocal.m4:4033: AC_PROG_NM is expanded from...
acinclude.m4:419: GMP_PROG_NM is expanded from...
configure.ac:1879: the top level
configure.ac:1970: warning: The macro 'AC_HEADER_STDC' is obsolete.
configure.ac:1970: You should run autoupdate.
./lib/autoconf/headers.m4:664: AC_HEADER_STDC is expanded from...
configure.ac:1970: the top level
configure.ac:1971: warning: The macro 'AC_HEADER_TIME' is obsolete.
configure.ac:1971: You should run autoupdate.
./lib/autoconf/headers.m4:703: AC_HEADER_TIME is expanded from...
configure.ac:1971: the top level
configure.ac:2050: warning: The macro 'AC_TRY_COMPILE' is obsolete.
configure.ac:2050: You should run autoupdate.
./lib/autoconf/general.m4:2903: AC_TRY_COMPILE is expanded from...
lib/m4sugar/m4sh.m4:689: _AS_IF_ELSE is expanded from...
lib/m4sugar/m4sh.m4:696: AS_IF is expanded from...
./lib/autoconf/general.m4:2305: AC_CACHE_VAL is expanded from...
./lib/autoconf/general.m4:2326: AC_CACHE_CHECK is expanded from...
acinclude.m4:3109: GMP_C_STDARG is expanded from...
configure.ac:2050: the top level
configure.ac:2051: warning: The macro 'AC_TRY_COMPILE' is obsolete.
configure.ac:2051: You should run autoupdate.
./lib/autoconf/general.m4:2903: AC_TRY_COMPILE is expanded from...
lib/m4sugar/m4sh.m4:689: _AS_IF_ELSE is expanded from...
lib/m4sugar/m4sh.m4:696: AS_IF is expanded from...
./lib/autoconf/general.m4:2305: AC_CACHE_VAL is expanded from...
./lib/autoconf/general.m4:2326: AC_CACHE_CHECK is expanded from...
acinclude.m4:2779: GMP_C_ATTRIBUTE_CONST is expanded from...
configure.ac:2051: the top level
configure.ac:2052: warning: The macro 'AC_FD_CC' is obsolete.
configure.ac:2052: You should run autoupdate.
./lib/autoconf/general.m4:400: AC_FD_CC is expanded from...
lib/m4sugar/m4sh.m4:689: _AS_IF_ELSE is expanded from...
lib/m4sugar/m4sh.m4:696: AS_IF is expanded from...
./lib/autoconf/general.m4:2305: AC_CACHE_VAL is expanded from...
./lib/autoconf/general.m4:2326: AC_CACHE_CHECK is expanded from...
acinclude.m4:2798: GMP_C_ATTRIBUTE_MALLOC is expanded from...
configure.ac:2052: the top level
configure.ac:2053: warning: The macro 'AC_TRY_COMPILE' is obsolete.
configure.ac:2053: You should run autoupdate.
./lib/autoconf/general.m4:2903: AC_TRY_COMPILE is expanded from...
lib/m4sugar/m4sh.m4:689: _AS_IF_ELSE is expanded from...
lib/m4sugar/m4sh.m4:696: AS_IF is expanded from...
./lib/autoconf/general.m4:2305: AC_CACHE_VAL is expanded from...
./lib/autoconf/general.m4:2326: AC_CACHE_CHECK is expanded from...
acinclude.m4:2828: GMP_C_ATTRIBUTE_MODE is expanded from...
configure.ac:2053: the top level
configure.ac:2054: warning: The macro 'AC_TRY_COMPILE' is obsolete.
configure.ac:2054: You should run autoupdate.
./lib/autoconf/general.m4:2903: AC_TRY_COMPILE is expanded from...
lib/m4sugar/m4sh.m4:689: _AS_IF_ELSE is expanded from...
lib/m4sugar/m4sh.m4:696: AS_IF is expanded from...
./lib/autoconf/general.m4:2305: AC_CACHE_VAL is expanded from...
./lib/autoconf/general.m4:2326: AC_CACHE_CHECK is expanded from...
acinclude.m4:2844: GMP_C_ATTRIBUTE_NORETURN is expanded from...
configure.ac:2054: the top level
configure.ac:2056: warning: The macro 'AC_TRY_COMPILE' is obsolete.
configure.ac:2056: You should run autoupdate.
./lib/autoconf/general.m4:2903: AC_TRY_COMPILE is expanded from...
acinclude.m4:3385: GMP_H_EXTERN_INLINE is expanded from...
configure.ac:2056: the top level
configure.ac:2062: warning: The macro 'AC_TRY_LINK' is obsolete.
configure.ac:2062: You should run autoupdate.
./lib/autoconf/general.m4:2976: AC_TRY_LINK is expanded from...
lib/m4sugar/m4sh.m4:689: _AS_IF_ELSE is expanded from...
lib/m4sugar/m4sh.m4:696: AS_IF is expanded from...
./lib/autoconf/general.m4:2305: AC_CACHE_VAL is expanded from...
./lib/autoconf/general.m4:2326: AC_CACHE_CHECK is expanded from...
acinclude.m4:3154: GMP_HEADER_ALLOCA is expanded from...
acinclude.m4:3138: GMP_FUNC_ALLOCA is expanded from...
configure.ac:2062: the top level
configure.ac:2062: warning: The macro 'AC_TRY_LINK' is obsolete.
configure.ac:2062: You should run autoupdate.
./lib/autoconf/general.m4:2976: AC_TRY_LINK is expanded from...
lib/m4sugar/m4sh.m4:689: _AS_IF_ELSE is expanded from...
lib/m4sugar/m4sh.m4:696: AS_IF is expanded from...
./lib/autoconf/general.m4:2305: AC_CACHE_VAL is expanded from...
./lib/autoconf/general.m4:2326: AC_CACHE_CHECK is expanded from...
acinclude.m4:3138: GMP_FUNC_ALLOCA is expanded from...
configure.ac:2062: the top level
configure.ac:2065: warning: The macro 'AC_TRY_COMPILE' is obsolete.
configure.ac:2065: You should run autoupdate.
./lib/autoconf/general.m4:2903: AC_TRY_COMPILE is expanded from...
acinclude.m4:3412: GMP_H_HAVE_FILE is expanded from...
configure.ac:2065: the top level
configure.ac:2080: warning: The macro 'AC_FD_CC' is obsolete.
configure.ac:2080: You should run autoupdate.
./lib/autoconf/general.m4:400: AC_FD_CC is expanded from...
lib/m4sugar/m4sh.m4:689: _AS_IF_ELSE is expanded from...
lib/m4sugar/m4sh.m4:696: AS_IF is expanded from...
./lib/autoconf/general.m4:2305: AC_CACHE_VAL is expanded from...
./lib/autoconf/general.m4:2326: AC_CACHE_CHECK is expanded from...
acinclude.m4:2871: GMP_C_DOUBLE_FORMAT is expanded from...
configure.ac:2080: the top level
configure.ac:2124: warning: The macro 'AC_TRY_RUN' is obsolete.
configure.ac:2124: You should run autoupdate.
./lib/autoconf/general.m4:3053: AC_TRY_RUN is expanded from...
lib/m4sugar/m4sh.m4:689: _AS_IF_ELSE is expanded from...
lib/m4sugar/m4sh.m4:696: AS_IF is expanded from...
./lib/autoconf/general.m4:2305: AC_CACHE_VAL is expanded from...
./lib/autoconf/general.m4:2326: AC_CACHE_CHECK is expanded from...
acinclude.m4:3281: GMP_FUNC_VSNPRINTF is expanded from...
configure.ac:2124: the top level
configure.ac:2765: warning: The macro 'AC_FD_CC' is obsolete.
configure.ac:2765: You should run autoupdate.
./lib/autoconf/general.m4:400: AC_FD_CC is expanded from...
lib/m4sugar/m4sh.m4:689: _AS_IF_ELSE is expanded from...
lib/m4sugar/m4sh.m4:696: AS_IF is expanded from...
./lib/autoconf/general.m4:2305: AC_CACHE_VAL is expanded from...
./lib/autoconf/general.m4:2326: AC_CACHE_CHECK is expanded from...
acinclude.m4:308: GMP_PROG_M4 is expanded from...
configure.ac:2765: the top level
configure.ac:2766: warning: The macro 'AC_FD_CC' is obsolete.
configure.ac:2766: You should run autoupdate.
./lib/autoconf/general.m4:400: AC_FD_CC is expanded from...
lib/m4sugar/m4sh.m4:689: _AS_IF_ELSE is expanded from...
lib/m4sugar/m4sh.m4:696: AS_IF is expanded from...
./lib/autoconf/general.m4:2305: AC_CACHE_VAL is expanded from...
./lib/autoconf/general.m4:2326: AC_CACHE_CHECK is expanded from...
acinclude.m4:375: GMP_M4_M4WRAP_SPURIOUS is expanded from...
configure.ac:2766: the top level
configure.ac:2777: warning: The macro 'AC_FD_CC' is obsolete.
configure.ac:2777: You should run autoupdate.
./lib/autoconf/general.m4:400: AC_FD_CC is expanded from...
lib/m4sugar/m4sh.m4:689: _AS_IF_ELSE is expanded from...
lib/m4sugar/m4sh.m4:696: AS_IF is expanded from...
./lib/autoconf/general.m4:2305: AC_CACHE_VAL is expanded from...
./lib/autoconf/general.m4:2326: AC_CACHE_CHECK is expanded from...
acinclude.m4:1744: GMP_ASM_TEXT is expanded from...
configure.ac:2777: the top level
configure.ac:2777: warning: The macro 'AC_FD_CC' is obsolete.
configure.ac:2777: You should run autoupdate.
./lib/autoconf/general.m4:400: AC_FD_CC is expanded from...
acinclude.m4:1506: GMP_TRY_ASSEMBLE is expanded from...
lib/m4sugar/m4sh.m4:689: _AS_IF_ELSE is expanded from...
lib/m4sugar/m4sh.m4:696: AS_IF is expanded from...
./lib/autoconf/general.m4:2305: AC_CACHE_VAL is expanded from...
./lib/autoconf/general.m4:2326: AC_CACHE_CHECK is expanded from...
acinclude.m4:1744: GMP_ASM_TEXT is expanded from...
configure.ac:2777: the top level
configure.ac:2779: warning: The macro 'AC_FD_CC' is obsolete.
configure.ac:2779: You should run autoupdate.
./lib/autoconf/general.m4:400: AC_FD_CC is expanded from...
lib/m4sugar/m4sh.m4:689: _AS_IF_ELSE is expanded from...
lib/m4sugar/m4sh.m4:696: AS_IF is expanded from...
./lib/autoconf/general.m4:2305: AC_CACHE_VAL is expanded from...
./lib/autoconf/general.m4:2326: AC_CACHE_CHECK is expanded from...
acinclude.m4:1533: GMP_ASM_LABEL_SUFFIX is expanded from...
configure.ac:2779: the top level
configure.ac:2779: warning: The macro 'AC_FD_CC' is obsolete.
configure.ac:2779: You should run autoupdate.
./lib/autoconf/general.m4:400: AC_FD_CC is expanded from...
acinclude.m4:1506: GMP_TRY_ASSEMBLE is expanded from...
lib/m4sugar/m4sh.m4:689: _AS_IF_ELSE is expanded from...
lib/m4sugar/m4sh.m4:696: AS_IF is expanded from...
./lib/autoconf/general.m4:2305: AC_CACHE_VAL is expanded from...
./lib/autoconf/general.m4:2326: AC_CACHE_CHECK is expanded from...
acinclude.m4:1533: GMP_ASM_LABEL_SUFFIX is expanded from...
configure.ac:2779: the top level
configure.ac:2782: warning: The macro 'AC_FD_CC' is obsolete.
configure.ac:2782: You should run autoupdate.
./lib/autoconf/general.m4:400: AC_FD_CC is expanded from...
lib/m4sugar/m4sh.m4:689: _AS_IF_ELSE is expanded from...
lib/m4sugar/m4sh.m4:696: AS_IF is expanded from...
./lib/autoconf/general.m4:2305: AC_CACHE_VAL is expanded from...
./lib/autoconf/general.m4:2326: AC_CACHE_CHECK is expanded from...
acinclude.m4:1574: GMP_ASM_UNDERSCORE is expanded from...
configure.ac:2782: the top level
configure.ac:2783: warning: The macro 'AC_FD_CC' is obsolete.
configure.ac:2783: You should run autoupdate.
./lib/autoconf/general.m4:400: AC_FD_CC is expanded from...
lib/m4sugar/m4sh.m4:689: _AS_IF_ELSE is expanded from...
lib/m4sugar/m4sh.m4:696: AS_IF is expanded from...
./lib/autoconf/general.m4:2305: AC_CACHE_VAL is expanded from...
./lib/autoconf/general.m4:2326: AC_CACHE_CHECK is expanded from...
acinclude.m4:1794: GMP_ASM_RODATA is expanded from...
configure.ac:2783: the top level
configure.ac:2784: warning: The macro 'AC_FD_CC' is obsolete.
configure.ac:2784: You should run autoupdate.
./lib/autoconf/general.m4:400: AC_FD_CC is expanded from...
acinclude.m4:1506: GMP_TRY_ASSEMBLE is expanded from...
lib/m4sugar/m4sh.m4:689: _AS_IF_ELSE is expanded from...
lib/m4sugar/m4sh.m4:696: AS_IF is expanded from...
./lib/autoconf/general.m4:2305: AC_CACHE_VAL is expanded from...
./lib/autoconf/general.m4:2326: AC_CACHE_CHECK is expanded from...
acinclude.m4:1914: GMP_ASM_TYPE is expanded from...
configure.ac:2784: the top level
configure.ac:2785: warning: The macro 'AC_FD_CC' is obsolete.
configure.ac:2785: You should run autoupdate.
./lib/autoconf/general.m4:400: AC_FD_CC is expanded from...
acinclude.m4:1506: GMP_TRY_ASSEMBLE is expanded from...
lib/m4sugar/m4sh.m4:689: _AS_IF_ELSE is expanded from...
lib/m4sugar/m4sh.m4:696: AS_IF is expanded from...
./lib/autoconf/general.m4:2305: AC_CACHE_VAL is expanded from...
./lib/autoconf/general.m4:2326: AC_CACHE_CHECK is expanded from...
acinclude.m4:1936: GMP_ASM_SIZE is expanded from...
configure.ac:2785: the top level
configure.ac:2786: warning: The macro 'AC_FD_CC' is obsolete.
configure.ac:2786: You should run autoupdate.
./lib/autoconf/general.m4:400: AC_FD_CC is expanded from...
lib/m4sugar/m4sh.m4:689: _AS_IF_ELSE is expanded from...
lib/m4sugar/m4sh.m4:696: AS_IF is expanded from...
./lib/autoconf/general.m4:2305: AC_CACHE_VAL is expanded from...
./lib/autoconf/general.m4:2326: AC_CACHE_CHECK is expanded from...
acinclude.m4:2049: GMP_ASM_LSYM_PREFIX is expanded from...
configure.ac:2786: the top level
configure.ac:2786: warning: The macro 'AC_FD_CC' is obsolete.
configure.ac:2786: You should run autoupdate.
./lib/autoconf/general.m4:400: AC_FD_CC is expanded from...
acinclude.m4:1506: GMP_TRY_ASSEMBLE is expanded from...
lib/m4sugar/m4sh.m4:689: _AS_IF_ELSE is expanded from...
lib/m4sugar/m4sh.m4:696: AS_IF is expanded from...
./lib/autoconf/general.m4:2305: AC_CACHE_VAL is expanded from...
./lib/autoconf/general.m4:2326: AC_CACHE_CHECK is expanded from...
acinclude.m4:2049: GMP_ASM_LSYM_PREFIX is expanded from...
configure.ac:2786: the top level
configure.ac:2787: warning: The macro 'AC_FD_CC' is obsolete.
configure.ac:2787: You should run autoupdate.
./lib/autoconf/general.m4:400: AC_FD_CC is expanded from...
lib/m4sugar/m4sh.m4:689: _AS_IF_ELSE is expanded from...
lib/m4sugar/m4sh.m4:696: AS_IF is expanded from...
./lib/autoconf/general.m4:2305: AC_CACHE_VAL is expanded from...
./lib/autoconf/general.m4:2326: AC_CACHE_CHECK is expanded from...
acinclude.m4:1715: GMP_ASM_BYTE is expanded from...
acinclude.m4:2108: GMP_ASM_W32 is expanded from...
configure.ac:2787: the top level
configure.ac:2787: warning: The macro 'AC_FD_CC' is obsolete.
configure.ac:2787: You should run autoupdate.
./lib/autoconf/general.m4:400: AC_FD_CC is expanded from...
acinclude.m4:1506: GMP_TRY_ASSEMBLE is expanded from...
lib/m4sugar/m4sh.m4:689: _AS_IF_ELSE is expanded from...
lib/m4sugar/m4sh.m4:696: AS_IF is expanded from...
./lib/autoconf/general.m4:2305: AC_CACHE_VAL is expanded from...
./lib/autoconf/general.m4:2326: AC_CACHE_CHECK is expanded from...
acinclude.m4:1715: GMP_ASM_BYTE is expanded from...
acinclude.m4:2108: GMP_ASM_W32 is expanded from...
configure.ac:2787: the top level
configure.ac:2787: warning: The macro 'AC_FD_CC' is obsolete.
configure.ac:2787: You should run autoupdate.
./lib/autoconf/general.m4:400: AC_FD_CC is expanded from...
acinclude.m4:1506: GMP_TRY_ASSEMBLE is expanded from...
lib/m4sugar/m4sh.m4:689: _AS_IF_ELSE is expanded from...
lib/m4sugar/m4sh.m4:696: AS_IF is expanded from...
./lib/autoconf/general.m4:2305: AC_CACHE_VAL is expanded from...
./lib/autoconf/general.m4:2326: AC_CACHE_CHECK is expanded from...
acinclude.m4:2108: GMP_ASM_W32 is expanded from...
configure.ac:2787: the top level
configure.ac:2788: warning: The macro 'AC_FD_CC' is obsolete.
configure.ac:2788: You should run autoupdate.
./lib/autoconf/general.m4:400: AC_FD_CC is expanded from...
acinclude.m4:1506: GMP_TRY_ASSEMBLE is expanded from...
lib/m4sugar/m4sh.m4:689: _AS_IF_ELSE is expanded from...
lib/m4sugar/m4sh.m4:696: AS_IF is expanded from...
./lib/autoconf/general.m4:2305: AC_CACHE_VAL is expanded from...
./lib/autoconf/general.m4:2326: AC_CACHE_CHECK is expanded from...
acinclude.m4:1627: GMP_ASM_ALIGN_LOG is expanded from...
configure.ac:2788: the top level
configure.ac:2791: warning: The macro 'AC_FD_CC' is obsolete.
configure.ac:2791: You should run autoupdate.
./lib/autoconf/general.m4:400: AC_FD_CC is expanded from...
acinclude.m4:1506: GMP_TRY_ASSEMBLE is expanded from...
lib/m4sugar/m4sh.m4:689: _AS_IF_ELSE is expanded from...
lib/m4sugar/m4sh.m4:696: AS_IF is expanded from...
./lib/autoconf/general.m4:2305: AC_CACHE_VAL is expanded from...
./lib/autoconf/general.m4:2326: AC_CACHE_CHECK is expanded from...
acinclude.m4:2579: GMP_ASM_IA64_ALIGN_OK is expanded from...
configure.ac:2791: the top level
configure.ac:2794: warning: The macro 'AC_FD_CC' is obsolete.
configure.ac:2794: You should run autoupdate.
./lib/autoconf/general.m4:400: AC_FD_CC is expanded from...
lib/m4sugar/m4sh.m4:689: _AS_IF_ELSE is expanded from...
lib/m4sugar/m4sh.m4:696: AS_IF is expanded from...
./lib/autoconf/general.m4:2305: AC_CACHE_VAL is expanded from...
./lib/autoconf/general.m4:2326: AC_CACHE_CHECK is expanded from...
acinclude.m4:2699: GMP_ASM_POWERPC_PIC_ALWAYS is expanded from...
configure.ac:2794: the top level
configure.ac:2795: warning: The macro 'AC_FD_CC' is obsolete.
configure.ac:2795: You should run autoupdate.
./lib/autoconf/general.m4:400: AC_FD_CC is expanded from...
acinclude.m4:1506: GMP_TRY_ASSEMBLE is expanded from...
lib/m4sugar/m4sh.m4:689: _AS_IF_ELSE is expanded from...
lib/m4sugar/m4sh.m4:696: AS_IF is expanded from...
./lib/autoconf/general.m4:2305: AC_CACHE_VAL is expanded from...
./lib/autoconf/general.m4:2326: AC_CACHE_CHECK is expanded from...
acinclude.m4:2736: GMP_ASM_POWERPC_R_REGISTERS is expanded from...
configure.ac:2795: the top level
configure.ac:2795: warning: The macro 'AC_FD_CC' is obsolete.
configure.ac:2795: You should run autoupdate.
./lib/autoconf/general.m4:400: AC_FD_CC is expanded from...
acinclude.m4:1506: GMP_TRY_ASSEMBLE is expanded from...
acinclude.m4:1506: GMP_TRY_ASSEMBLE is expanded from...
lib/m4sugar/m4sh.m4:689: _AS_IF_ELSE is expanded from...
lib/m4sugar/m4sh.m4:696: AS_IF is expanded from...
./lib/autoconf/general.m4:2305: AC_CACHE_VAL is expanded from...
./lib/autoconf/general.m4:2326: AC_CACHE_CHECK is expanded from...
acinclude.m4:2736: GMP_ASM_POWERPC_R_REGISTERS is expanded from...
configure.ac:2795: the top level
configure.ac:2828: warning: The macro 'AC_FD_CC' is obsolete.
configure.ac:2828: You should run autoupdate.
./lib/autoconf/general.m4:400: AC_FD_CC is expanded from...
acinclude.m4:1506: GMP_TRY_ASSEMBLE is expanded from...
lib/m4sugar/m4sh.m4:689: _AS_IF_ELSE is expanded from...
lib/m4sugar/m4sh.m4:696: AS_IF is expanded from...
./lib/autoconf/general.m4:2305: AC_CACHE_VAL is expanded from...
./lib/autoconf/general.m4:2326: AC_CACHE_CHECK is expanded from...
acinclude.m4:2761: GMP_ASM_SPARC_REGISTER is expanded from...
configure.ac:2828: the top level
configure.ac:2833: warning: The macro 'AC_FD_CC' is obsolete.
configure.ac:2833: You should run autoupdate.
./lib/autoconf/general.m4:400: AC_FD_CC is expanded from...
acinclude.m4:1506: GMP_TRY_ASSEMBLE is expanded from...
lib/m4sugar/m4sh.m4:689: _AS_IF_ELSE is expanded from...
lib/m4sugar/m4sh.m4:696: AS_IF is expanded from...
./lib/autoconf/general.m4:2305: AC_CACHE_VAL is expanded from...
./lib/autoconf/general.m4:2326: AC_CACHE_CHECK is expanded from...
acinclude.m4:1686: GMP_ASM_ALIGN_FILL_0x90 is expanded from...
configure.ac:2833: the top level
configure.ac:2837: warning: The macro 'AC_FD_CC' is obsolete.
configure.ac:2837: You should run autoupdate.
./lib/autoconf/general.m4:400: AC_FD_CC is expanded from...
acinclude.m4:1506: GMP_TRY_ASSEMBLE is expanded from...
lib/m4sugar/m4sh.m4:689: _AS_IF_ELSE is expanded from...
lib/m4sugar/m4sh.m4:696: AS_IF is expanded from...
./lib/autoconf/general.m4:2305: AC_CACHE_VAL is expanded from...
./lib/autoconf/general.m4:2326: AC_CACHE_CHECK is expanded from...
acinclude.m4:1992: GMP_ASM_COFF_TYPE is expanded from...
configure.ac:2837: the top level
configure.ac:2838: warning: The macro 'AC_FD_CC' is obsolete.
configure.ac:2838: You should run autoupdate.
./lib/autoconf/general.m4:400: AC_FD_CC is expanded from...
lib/m4sugar/m4sh.m4:689: _AS_IF_ELSE is expanded from...
lib/m4sugar/m4sh.m4:696: AS_IF is expanded from...
./lib/autoconf/general.m4:2305: AC_CACHE_VAL is expanded from...
./lib/autoconf/general.m4:2326: AC_CACHE_CHECK is expanded from...
acinclude.m4:2192: GMP_ASM_X86_GOT_UNDERSCORE is expanded from...
configure.ac:2838: the top level
configure.ac:2839: warning: The macro 'AC_FD_CC' is obsolete.
configure.ac:2839: You should run autoupdate.
./lib/autoconf/general.m4:400: AC_FD_CC is expanded from...
acinclude.m4:1506: GMP_TRY_ASSEMBLE is expanded from...
lib/m4sugar/m4sh.m4:689: _AS_IF_ELSE is expanded from...
lib/m4sugar/m4sh.m4:696: AS_IF is expanded from...
./lib/autoconf/general.m4:2305: AC_CACHE_VAL is expanded from...
./lib/autoconf/general.m4:2326: AC_CACHE_CHECK is expanded from...
acinclude.m4:2416: GMP_ASM_X86_SHLDL_CL is expanded from...
configure.ac:2839: the top level
configure.ac:2841: warning: The macro 'AC_PROG_LIBTOOL' is obsolete.
configure.ac:2841: You should run autoupdate.
aclocal.m4:122: AC_PROG_LIBTOOL is expanded from...
acinclude.m4:2506: GMP_ASM_X86_MCOUNT is expanded from...
configure.ac:2841: the top level
configure.ac:2841: warning: The macro 'AC_FD_CC' is obsolete.
configure.ac:2841: You should run autoupdate.
./lib/autoconf/general.m4:400: AC_FD_CC is expanded from...
acinclude.m4:2506: GMP_ASM_X86_MCOUNT is expanded from...
configure.ac:2841: the top level
glibtoolize: Consider adding 'AC_CONFIG_MACRO_DIRS([m4])' to configure.ac,
glibtoolize: and rerunning glibtoolize and aclocal.
glibtoolize: Consider adding '-I m4' to ACLOCAL_AMFLAGS in Makefile.am.
configure.ac:72: warning: The macro 'AC_HELP_STRING' is obsolete.
configure.ac:72: You should run autoupdate.
./lib/autoconf/general.m4:205: AC_HELP_STRING is expanded from...
./lib/autoconf/general.m4:1603: AC_ARG_WITH is expanded from...
configure.ac:72: the top level
configure.ac:79: warning: The macro 'AC_HELP_STRING' is obsolete.
configure.ac:79: You should run autoupdate.
./lib/autoconf/general.m4:205: AC_HELP_STRING is expanded from...
configure.ac:79: the top level
configure.ac:97: warning: The macro 'AC_HELP_STRING' is obsolete.
configure.ac:97: You should run autoupdate.
./lib/autoconf/general.m4:205: AC_HELP_STRING is expanded from...
configure.ac:97: the top level
configure.ac:122: warning: The macro 'AC_HELP_STRING' is obsolete.
configure.ac:122: You should run autoupdate.
./lib/autoconf/general.m4:205: AC_HELP_STRING is expanded from...
configure.ac:122: the top level
configure.ac:131: warning: The macro 'AC_HELP_STRING' is obsolete.
configure.ac:131: You should run autoupdate.
./lib/autoconf/general.m4:205: AC_HELP_STRING is expanded from...
configure.ac:131: the top level
configure.ac:144: warning: The macro 'AC_HELP_STRING' is obsolete.
configure.ac:144: You should run autoupdate.
./lib/autoconf/general.m4:205: AC_HELP_STRING is expanded from...
configure.ac:144: the top level
configure.ac:154: warning: The macro 'AC_HELP_STRING' is obsolete.
configure.ac:154: You should run autoupdate.
./lib/autoconf/general.m4:205: AC_HELP_STRING is expanded from...
configure.ac:154: the top level
configure.ac:170: warning: The macro 'AC_HELP_STRING' is obsolete.
configure.ac:170: You should run autoupdate.
./lib/autoconf/general.m4:205: AC_HELP_STRING is expanded from...
configure.ac:170: the top level
configure.ac:203: warning: The macro 'AC_HELP_STRING' is obsolete.
configure.ac:203: You should run autoupdate.
./lib/autoconf/general.m4:205: AC_HELP_STRING is expanded from...
configure.ac:203: the top level
configure.ac:1355: warning: The macro 'AC_FD_CC' is obsolete.
configure.ac:1355: You should run autoupdate.
./lib/autoconf/general.m4:400: AC_FD_CC is expanded from...
configure.ac:1355: the top level
configure.ac:1468: warning: The macro 'AC_FD_CC' is obsolete.
configure.ac:1468: You should run autoupdate.
./lib/autoconf/general.m4:400: AC_FD_CC is expanded from...
acinclude.m4:890: GMP_PROG_CC_IS_GNU is expanded from...
configure.ac:1468: the top level
configure.ac:1518: warning: The macro 'AC_FD_CC' is obsolete.
configure.ac:1518: You should run autoupdate.
./lib/autoconf/general.m4:400: AC_FD_CC is expanded from...
acinclude.m4:766: GMP_PROG_CC_WORKS_PART_TEST is expanded from...
acinclude.m4:756: GMP_PROG_CC_WORKS_PART_MAIN is expanded from...
acinclude.m4:747: GMP_PROG_CC_WORKS_PART is expanded from...
acinclude.m4:476: GMP_PROG_CC_WORKS is expanded from...
configure.ac:1518: the top level
configure.ac:1518: warning: The macro 'AC_FD_CC' is obsolete.
configure.ac:1518: You should run autoupdate.
./lib/autoconf/general.m4:400: AC_FD_CC is expanded from...
acinclude.m4:766: GMP_PROG_CC_WORKS_PART_TEST is expanded from...
acinclude.m4:756: GMP_PROG_CC_WORKS_PART_MAIN is expanded from...
acinclude.m4:476: GMP_PROG_CC_WORKS is expanded from...
configure.ac:1518: the top level
configure.ac:1518: warning: The macro 'AC_FD_CC' is obsolete.
configure.ac:1518: You should run autoupdate.
./lib/autoconf/general.m4:400: AC_FD_CC is expanded from...
acinclude.m4:766: GMP_PROG_CC_WORKS_PART_TEST is expanded from...
acinclude.m4:476: GMP_PROG_CC_WORKS is expanded from...
configure.ac:1518: the top level
configure.ac:1518: warning: The macro 'AC_FD_CC' is obsolete.
configure.ac:1518: You should run autoupdate.
./lib/autoconf/general.m4:400: AC_FD_CC is expanded from...
acinclude.m4:766: GMP_PROG_CC_WORKS_PART_TEST is expanded from...
acinclude.m4:756: GMP_PROG_CC_WORKS_PART_MAIN is expanded from...
acinclude.m4:747: GMP_PROG_CC_WORKS_PART is expanded from...
acinclude.m4:766: GMP_PROG_CC_WORKS_PART_TEST is expanded from...
acinclude.m4:476: GMP_PROG_CC_WORKS is expanded from...
configure.ac:1518: the top level
configure.ac:1518: warning: The macro 'AC_FD_CC' is obsolete.
configure.ac:1518: You should run autoupdate.
./lib/autoconf/general.m4:400: AC_FD_CC is expanded from...
acinclude.m4:957: GMP_PROG_CC_X86_GOT_EAX_EMITTED is expanded from...
acinclude.m4:476: GMP_PROG_CC_WORKS is expanded from...
configure.ac:1518: the top level
configure.ac:1518: warning: The macro 'AC_FD_CC' is obsolete.
configure.ac:1518: You should run autoupdate.
./lib/autoconf/general.m4:400: AC_FD_CC is expanded from...
acinclude.m4:2274: GMP_ASM_X86_GOT_EAX_OK is expanded from...
acinclude.m4:957: GMP_PROG_CC_X86_GOT_EAX_EMITTED is expanded from...
acinclude.m4:476: GMP_PROG_CC_WORKS is expanded from...
configure.ac:1518: the top level
configure.ac:1525: warning: The macro 'AC_FD_CC' is obsolete.
configure.ac:1525: You should run autoupdate.
./lib/autoconf/general.m4:400: AC_FD_CC is expanded from...
acinclude.m4:813: GMP_PROG_CC_WORKS_LONGLONG is expanded from...
configure.ac:1525: the top level
configure.ac:1537: warning: The macro 'AC_FD_CC' is obsolete.
configure.ac:1537: You should run autoupdate.
./lib/autoconf/general.m4:400: AC_FD_CC is expanded from...
acinclude.m4:1028: GMP_GCC_ARM_UMODSI is expanded from...
configure.ac:1537: the top level
configure.ac:1538: warning: The macro 'AC_FD_CC' is obsolete.
configure.ac:1538: You should run autoupdate.
./lib/autoconf/general.m4:400: AC_FD_CC is expanded from...
acinclude.m4:1053: GMP_GCC_MIPS_O32 is expanded from...
configure.ac:1538: the top level
configure.ac:1539: warning: The macro 'AC_FD_CC' is obsolete.
configure.ac:1539: You should run autoupdate.
./lib/autoconf/general.m4:400: AC_FD_CC is expanded from...
acinclude.m4:853: GMP_C_TEST_SIZEOF is expanded from...
configure.ac:1539: the top level
configure.ac:1612: warning: The macro 'AC_FD_CC' is obsolete.
configure.ac:1612: You should run autoupdate.
./lib/autoconf/general.m4:400: AC_FD_CC is expanded from...
lib/m4sugar/m4sh.m4:689: _AS_IF_ELSE is expanded from...
lib/m4sugar/m4sh.m4:696: AS_IF is expanded from...
./lib/autoconf/general.m4:2305: AC_CACHE_VAL is expanded from...
./lib/autoconf/general.m4:2326: AC_CACHE_CHECK is expanded from...
acinclude.m4:1205: GMP_OS_X86_XMM is expanded from...
configure.ac:1612: the top level
configure.ac:1617: warning: The macro 'AC_FD_CC' is obsolete.
configure.ac:1617: You should run autoupdate.
./lib/autoconf/general.m4:400: AC_FD_CC is expanded from...
acinclude.m4:1088: GMP_GCC_NO_CPP_PRECOMP is expanded from...
configure.ac:1617: the top level
configure.ac:1626: warning: The macro 'AC_FD_CC' is obsolete.
configure.ac:1626: You should run autoupdate.
./lib/autoconf/general.m4:400: AC_FD_CC is expanded from...
acinclude.m4:766: GMP_PROG_CC_WORKS_PART_TEST is expanded from...
acinclude.m4:756: GMP_PROG_CC_WORKS_PART_MAIN is expanded from...
acinclude.m4:747: GMP_PROG_CC_WORKS_PART is expanded from...
acinclude.m4:476: GMP_PROG_CC_WORKS is expanded from...
configure.ac:1626: the top level
configure.ac:1626: warning: The macro 'AC_FD_CC' is obsolete.
configure.ac:1626: You should run autoupdate.
./lib/autoconf/general.m4:400: AC_FD_CC is expanded from...
acinclude.m4:766: GMP_PROG_CC_WORKS_PART_TEST is expanded from...
acinclude.m4:756: GMP_PROG_CC_WORKS_PART_MAIN is expanded from...
acinclude.m4:476: GMP_PROG_CC_WORKS is expanded from...
configure.ac:1626: the top level
configure.ac:1626: warning: The macro 'AC_FD_CC' is obsolete.
configure.ac:1626: You should run autoupdate.
./lib/autoconf/general.m4:400: AC_FD_CC is expanded from...
acinclude.m4:766: GMP_PROG_CC_WORKS_PART_TEST is expanded from...
acinclude.m4:476: GMP_PROG_CC_WORKS is expanded from...
configure.ac:1626: the top level
configure.ac:1626: warning: The macro 'AC_FD_CC' is obsolete.
configure.ac:1626: You should run autoupdate.
./lib/autoconf/general.m4:400: AC_FD_CC is expanded from...
acinclude.m4:766: GMP_PROG_CC_WORKS_PART_TEST is expanded from...
acinclude.m4:756: GMP_PROG_CC_WORKS_PART_MAIN is expanded from...
acinclude.m4:747: GMP_PROG_CC_WORKS_PART is expanded from...
acinclude.m4:766: GMP_PROG_CC_WORKS_PART_TEST is expanded from...
acinclude.m4:476: GMP_PROG_CC_WORKS is expanded from...
configure.ac:1626: the top level
configure.ac:1626: warning: The macro 'AC_FD_CC' is obsolete.
configure.ac:1626: You should run autoupdate.
./lib/autoconf/general.m4:400: AC_FD_CC is expanded from...
acinclude.m4:957: GMP_PROG_CC_X86_GOT_EAX_EMITTED is expanded from...
acinclude.m4:476: GMP_PROG_CC_WORKS is expanded from...
configure.ac:1626: the top level
configure.ac:1626: warning: The macro 'AC_FD_CC' is obsolete.
configure.ac:1626: You should run autoupdate.
./lib/autoconf/general.m4:400: AC_FD_CC is expanded from...
acinclude.m4:2274: GMP_ASM_X86_GOT_EAX_OK is expanded from...
acinclude.m4:957: GMP_PROG_CC_X86_GOT_EAX_EMITTED is expanded from...
acinclude.m4:476: GMP_PROG_CC_WORKS is expanded from...
configure.ac:1626: the top level
configure.ac:1719: warning: The macro 'AC_GNU_SOURCE' is obsolete.
configure.ac:1719: You should run autoupdate.
./lib/autoconf/specific.m4:486: AC_GNU_SOURCE is expanded from...
configure.ac:1719: the top level
configure.ac:1723: warning: The macro 'AC_PROG_CC_STDC' is obsolete.
configure.ac:1723: You should run autoupdate.
./lib/autoconf/c.m4:1795: AC_PROG_CC_STDC is expanded from...
configure.ac:1723: the top level
configure.ac:1725: warning: The macro 'AC_TRY_COMPILE' is obsolete.
configure.ac:1725: You should run autoupdate.
./lib/autoconf/general.m4:2903: AC_TRY_COMPILE is expanded from...
acinclude.m4:3362: GMP_H_ANSI is expanded from...
configure.ac:1725: the top level
configure.ac:1729: warning: The macro 'AC_FD_CC' is obsolete.
configure.ac:1729: You should run autoupdate.
./lib/autoconf/general.m4:400: AC_FD_CC is expanded from...
acinclude.m4:3464: GMP_PROG_CC_FOR_BUILD_WORKS is expanded from...
acinclude.m4:3432: GMP_PROG_CC_FOR_BUILD is expanded from...
configure.ac:1729: the top level
configure.ac:1730: warning: The macro 'AC_FD_CC' is obsolete.
configure.ac:1730: You should run autoupdate.
./lib/autoconf/general.m4:400: AC_FD_CC is expanded from...
lib/m4sugar/m4sh.m4:689: _AS_IF_ELSE is expanded from...
lib/m4sugar/m4sh.m4:696: AS_IF is expanded from...
./lib/autoconf/general.m4:2305: AC_CACHE_VAL is expanded from...
acinclude.m4:3498: GMP_PROG_CPP_FOR_BUILD is expanded from...
configure.ac:1730: the top level
configure.ac:1731: warning: The macro 'AC_FD_CC' is obsolete.
configure.ac:1731: You should run autoupdate.
./lib/autoconf/general.m4:400: AC_FD_CC is expanded from...
lib/m4sugar/m4sh.m4:689: _AS_IF_ELSE is expanded from...
lib/m4sugar/m4sh.m4:696: AS_IF is expanded from...
./lib/autoconf/general.m4:2305: AC_CACHE_VAL is expanded from...
./lib/autoconf/general.m4:2326: AC_CACHE_CHECK is expanded from...
acinclude.m4:3538: GMP_PROG_EXEEXT_FOR_BUILD is expanded from...
configure.ac:1731: the top level
configure.ac:1769: warning: The macro 'AC_FD_CC' is obsolete.
configure.ac:1769: You should run autoupdate.
./lib/autoconf/general.m4:400: AC_FD_CC is expanded from...
configure.ac:1769: the top level
configure.ac:1795: warning: The macro 'AC_FD_CC' is obsolete.
configure.ac:1795: You should run autoupdate.
./lib/autoconf/general.m4:400: AC_FD_CC is expanded from...
acinclude.m4:1347: GMP_PROG_CXX_WORKS_PART is expanded from...
acinclude.m4:1311: GMP_PROG_CXX_WORKS is expanded from...
configure.ac:1795: the top level
configure.ac:1846: warning: The macro 'AC_FD_CC' is obsolete.
configure.ac:1846: You should run autoupdate.
./lib/autoconf/general.m4:400: AC_FD_CC is expanded from...
acinclude.m4:1506: GMP_TRY_ASSEMBLE is expanded from...
lib/m4sugar/m4sh.m4:689: _AS_IF_ELSE is expanded from...
lib/m4sugar/m4sh.m4:696: AS_IF is expanded from...
./lib/autoconf/general.m4:2305: AC_CACHE_VAL is expanded from...
./lib/autoconf/general.m4:2326: AC_CACHE_CHECK is expanded from...
acinclude.m4:2364: GMP_ASM_X86_MMX is expanded from...
configure.ac:1846: the top level
configure.ac:1849: warning: The macro 'AC_FD_CC' is obsolete.
configure.ac:1849: You should run autoupdate.
./lib/autoconf/general.m4:400: AC_FD_CC is expanded from...
acinclude.m4:1506: GMP_TRY_ASSEMBLE is expanded from...
lib/m4sugar/m4sh.m4:689: _AS_IF_ELSE is expanded from...
lib/m4sugar/m4sh.m4:696: AS_IF is expanded from...
./lib/autoconf/general.m4:2305: AC_CACHE_VAL is expanded from...
./lib/autoconf/general.m4:2326: AC_CACHE_CHECK is expanded from...
acinclude.m4:2443: GMP_ASM_X86_SSE2 is expanded from...
configure.ac:1849: the top level
configure.ac:1856: warning: The macro 'AC_FD_CC' is obsolete.
configure.ac:1856: You should run autoupdate.
./lib/autoconf/general.m4:400: AC_FD_CC is expanded from...
configure.ac:1856: the top level
configure.ac:1879: warning: The macro 'AC_PROG_NM' is obsolete.
configure.ac:1879: You should run autoupdate.
aclocal.m4:4033: AC_PROG_NM is expanded from...
acinclude.m4:419: GMP_PROG_NM is expanded from...
configure.ac:1879: the top level
configure.ac:1970: warning: The macro 'AC_HEADER_STDC' is obsolete.
configure.ac:1970: You should run autoupdate.
./lib/autoconf/headers.m4:664: AC_HEADER_STDC is expanded from...
configure.ac:1970: the top level
configure.ac:1971: warning: The macro 'AC_HEADER_TIME' is obsolete.
configure.ac:1971: You should run autoupdate.
./lib/autoconf/headers.m4:703: AC_HEADER_TIME is expanded from...
configure.ac:1971: the top level
configure.ac:2050: warning: The macro 'AC_TRY_COMPILE' is obsolete.
configure.ac:2050: You should run autoupdate.
./lib/autoconf/general.m4:2903: AC_TRY_COMPILE is expanded from...
lib/m4sugar/m4sh.m4:689: _AS_IF_ELSE is expanded from...
lib/m4sugar/m4sh.m4:696: AS_IF is expanded from...
./lib/autoconf/general.m4:2305: AC_CACHE_VAL is expanded from...
./lib/autoconf/general.m4:2326: AC_CACHE_CHECK is expanded from...
acinclude.m4:3109: GMP_C_STDARG is expanded from...
configure.ac:2050: the top level
configure.ac:2051: warning: The macro 'AC_TRY_COMPILE' is obsolete.
configure.ac:2051: You should run autoupdate.
./lib/autoconf/general.m4:2903: AC_TRY_COMPILE is expanded from...
lib/m4sugar/m4sh.m4:689: _AS_IF_ELSE is expanded from...
lib/m4sugar/m4sh.m4:696: AS_IF is expanded from...
./lib/autoconf/general.m4:2305: AC_CACHE_VAL is expanded from...
./lib/autoconf/general.m4:2326: AC_CACHE_CHECK is expanded from...
acinclude.m4:2779: GMP_C_ATTRIBUTE_CONST is expanded from...
configure.ac:2051: the top level
configure.ac:2052: warning: The macro 'AC_FD_CC' is obsolete.
configure.ac:2052: You should run autoupdate.
./lib/autoconf/general.m4:400: AC_FD_CC is expanded from...
lib/m4sugar/m4sh.m4:689: _AS_IF_ELSE is expanded from...
lib/m4sugar/m4sh.m4:696: AS_IF is expanded from...
./lib/autoconf/general.m4:2305: AC_CACHE_VAL is expanded from...
./lib/autoconf/general.m4:2326: AC_CACHE_CHECK is expanded from...
acinclude.m4:2798: GMP_C_ATTRIBUTE_MALLOC is expanded from...
configure.ac:2052: the top level
configure.ac:2053: warning: The macro 'AC_TRY_COMPILE' is obsolete.
configure.ac:2053: You should run autoupdate.
./lib/autoconf/general.m4:2903: AC_TRY_COMPILE is expanded from...
lib/m4sugar/m4sh.m4:689: _AS_IF_ELSE is expanded from...
lib/m4sugar/m4sh.m4:696: AS_IF is expanded from...
./lib/autoconf/general.m4:2305: AC_CACHE_VAL is expanded from...
./lib/autoconf/general.m4:2326: AC_CACHE_CHECK is expanded from...
acinclude.m4:2828: GMP_C_ATTRIBUTE_MODE is expanded from...
configure.ac:2053: the top level
configure.ac:2054: warning: The macro 'AC_TRY_COMPILE' is obsolete.
configure.ac:2054: You should run autoupdate.
./lib/autoconf/general.m4:2903: AC_TRY_COMPILE is expanded from...
lib/m4sugar/m4sh.m4:689: _AS_IF_ELSE is expanded from...
lib/m4sugar/m4sh.m4:696: AS_IF is expanded from...
./lib/autoconf/general.m4:2305: AC_CACHE_VAL is expanded from...
./lib/autoconf/general.m4:2326: AC_CACHE_CHECK is expanded from...
acinclude.m4:2844: GMP_C_ATTRIBUTE_NORETURN is expanded from...
configure.ac:2054: the top level
configure.ac:2056: warning: The macro 'AC_TRY_COMPILE' is obsolete.
configure.ac:2056: You should run autoupdate.
./lib/autoconf/general.m4:2903: AC_TRY_COMPILE is expanded from...
acinclude.m4:3385: GMP_H_EXTERN_INLINE is expanded from...
configure.ac:2056: the top level
configure.ac:2062: warning: The macro 'AC_TRY_LINK' is obsolete.
configure.ac:2062: You should run autoupdate.
./lib/autoconf/general.m4:2976: AC_TRY_LINK is expanded from...
lib/m4sugar/m4sh.m4:689: _AS_IF_ELSE is expanded from...
lib/m4sugar/m4sh.m4:696: AS_IF is expanded from...
./lib/autoconf/general.m4:2305: AC_CACHE_VAL is expanded from...
./lib/autoconf/general.m4:2326: AC_CACHE_CHECK is expanded from...
acinclude.m4:3154: GMP_HEADER_ALLOCA is expanded from...
acinclude.m4:3138: GMP_FUNC_ALLOCA is expanded from...
configure.ac:2062: the top level
configure.ac:2062: warning: The macro 'AC_TRY_LINK' is obsolete.
configure.ac:2062: You should run autoupdate.
./lib/autoconf/general.m4:2976: AC_TRY_LINK is expanded from...
lib/m4sugar/m4sh.m4:689: _AS_IF_ELSE is expanded from...
lib/m4sugar/m4sh.m4:696: AS_IF is expanded from...
./lib/autoconf/general.m4:2305: AC_CACHE_VAL is expanded from...
./lib/autoconf/general.m4:2326: AC_CACHE_CHECK is expanded from...
acinclude.m4:3138: GMP_FUNC_ALLOCA is expanded from...
configure.ac:2062: the top level
configure.ac:2065: warning: The macro 'AC_TRY_COMPILE' is obsolete.
configure.ac:2065: You should run autoupdate.
./lib/autoconf/general.m4:2903: AC_TRY_COMPILE is expanded from...
acinclude.m4:3412: GMP_H_HAVE_FILE is expanded from...
configure.ac:2065: the top level
configure.ac:2080: warning: The macro 'AC_FD_CC' is obsolete.
configure.ac:2080: You should run autoupdate.
./lib/autoconf/general.m4:400: AC_FD_CC is expanded from...
lib/m4sugar/m4sh.m4:689: _AS_IF_ELSE is expanded from...
lib/m4sugar/m4sh.m4:696: AS_IF is expanded from...
./lib/autoconf/general.m4:2305: AC_CACHE_VAL is expanded from...
./lib/autoconf/general.m4:2326: AC_CACHE_CHECK is expanded from...
acinclude.m4:2871: GMP_C_DOUBLE_FORMAT is expanded from...
configure.ac:2080: the top level
configure.ac:2124: warning: The macro 'AC_TRY_RUN' is obsolete.
configure.ac:2124: You should run autoupdate.
./lib/autoconf/general.m4:3053: AC_TRY_RUN is expanded from...
lib/m4sugar/m4sh.m4:689: _AS_IF_ELSE is expanded from...
lib/m4sugar/m4sh.m4:696: AS_IF is expanded from...
./lib/autoconf/general.m4:2305: AC_CACHE_VAL is expanded from...
./lib/autoconf/general.m4:2326: AC_CACHE_CHECK is expanded from...
acinclude.m4:3281: GMP_FUNC_VSNPRINTF is expanded from...
configure.ac:2124: the top level
configure.ac:2765: warning: The macro 'AC_FD_CC' is obsolete.
configure.ac:2765: You should run autoupdate.
./lib/autoconf/general.m4:400: AC_FD_CC is expanded from...
lib/m4sugar/m4sh.m4:689: _AS_IF_ELSE is expanded from...
lib/m4sugar/m4sh.m4:696: AS_IF is expanded from...
./lib/autoconf/general.m4:2305: AC_CACHE_VAL is expanded from...
./lib/autoconf/general.m4:2326: AC_CACHE_CHECK is expanded from...
acinclude.m4:308: GMP_PROG_M4 is expanded from...
configure.ac:2765: the top level
configure.ac:2766: warning: The macro 'AC_FD_CC' is obsolete.
configure.ac:2766: You should run autoupdate.
./lib/autoconf/general.m4:400: AC_FD_CC is expanded from...
lib/m4sugar/m4sh.m4:689: _AS_IF_ELSE is expanded from...
lib/m4sugar/m4sh.m4:696: AS_IF is expanded from...
./lib/autoconf/general.m4:2305: AC_CACHE_VAL is expanded from...
./lib/autoconf/general.m4:2326: AC_CACHE_CHECK is expanded from...
acinclude.m4:375: GMP_M4_M4WRAP_SPURIOUS is expanded from...
configure.ac:2766: the top level
configure.ac:2777: warning: The macro 'AC_FD_CC' is obsolete.
configure.ac:2777: You should run autoupdate.
./lib/autoconf/general.m4:400: AC_FD_CC is expanded from...
lib/m4sugar/m4sh.m4:689: _AS_IF_ELSE is expanded from...
lib/m4sugar/m4sh.m4:696: AS_IF is expanded from...
./lib/autoconf/general.m4:2305: AC_CACHE_VAL is expanded from...
./lib/autoconf/general.m4:2326: AC_CACHE_CHECK is expanded from...
acinclude.m4:1744: GMP_ASM_TEXT is expanded from...
configure.ac:2777: the top level
configure.ac:2777: warning: The macro 'AC_FD_CC' is obsolete.
configure.ac:2777: You should run autoupdate.
./lib/autoconf/general.m4:400: AC_FD_CC is expanded from...
acinclude.m4:1506: GMP_TRY_ASSEMBLE is expanded from...
lib/m4sugar/m4sh.m4:689: _AS_IF_ELSE is expanded from...
lib/m4sugar/m4sh.m4:696: AS_IF is expanded from...
./lib/autoconf/general.m4:2305: AC_CACHE_VAL is expanded from...
./lib/autoconf/general.m4:2326: AC_CACHE_CHECK is expanded from...
acinclude.m4:1744: GMP_ASM_TEXT is expanded from...
configure.ac:2777: the top level
configure.ac:2779: warning: The macro 'AC_FD_CC' is obsolete.
configure.ac:2779: You should run autoupdate.
./lib/autoconf/general.m4:400: AC_FD_CC is expanded from...
lib/m4sugar/m4sh.m4:689: _AS_IF_ELSE is expanded from...
lib/m4sugar/m4sh.m4:696: AS_IF is expanded from...
./lib/autoconf/general.m4:2305: AC_CACHE_VAL is expanded from...
./lib/autoconf/general.m4:2326: AC_CACHE_CHECK is expanded from...
acinclude.m4:1533: GMP_ASM_LABEL_SUFFIX is expanded from...
configure.ac:2779: the top level
configure.ac:2779: warning: The macro 'AC_FD_CC' is obsolete.
configure.ac:2779: You should run autoupdate.
./lib/autoconf/general.m4:400: AC_FD_CC is expanded from...
acinclude.m4:1506: GMP_TRY_ASSEMBLE is expanded from...
lib/m4sugar/m4sh.m4:689: _AS_IF_ELSE is expanded from...
lib/m4sugar/m4sh.m4:696: AS_IF is expanded from...
./lib/autoconf/general.m4:2305: AC_CACHE_VAL is expanded from...
./lib/autoconf/general.m4:2326: AC_CACHE_CHECK is expanded from...
acinclude.m4:1533: GMP_ASM_LABEL_SUFFIX is expanded from...
configure.ac:2779: the top level
configure.ac:2782: warning: The macro 'AC_FD_CC' is obsolete.
configure.ac:2782: You should run autoupdate.
./lib/autoconf/general.m4:400: AC_FD_CC is expanded from...
lib/m4sugar/m4sh.m4:689: _AS_IF_ELSE is expanded from...
lib/m4sugar/m4sh.m4:696: AS_IF is expanded from...
./lib/autoconf/general.m4:2305: AC_CACHE_VAL is expanded from...
./lib/autoconf/general.m4:2326: AC_CACHE_CHECK is expanded from...
acinclude.m4:1574: GMP_ASM_UNDERSCORE is expanded from...
configure.ac:2782: the top level
configure.ac:2783: warning: The macro 'AC_FD_CC' is obsolete.
configure.ac:2783: You should run autoupdate.
./lib/autoconf/general.m4:400: AC_FD_CC is expanded from...
lib/m4sugar/m4sh.m4:689: _AS_IF_ELSE is expanded from...
lib/m4sugar/m4sh.m4:696: AS_IF is expanded from...
./lib/autoconf/general.m4:2305: AC_CACHE_VAL is expanded from...
./lib/autoconf/general.m4:2326: AC_CACHE_CHECK is expanded from...
acinclude.m4:1794: GMP_ASM_RODATA is expanded from...
configure.ac:2783: the top level
configure.ac:2784: warning: The macro 'AC_FD_CC' is obsolete.
configure.ac:2784: You should run autoupdate.
./lib/autoconf/general.m4:400: AC_FD_CC is expanded from...
acinclude.m4:1506: GMP_TRY_ASSEMBLE is expanded from...
lib/m4sugar/m4sh.m4:689: _AS_IF_ELSE is expanded from...
lib/m4sugar/m4sh.m4:696: AS_IF is expanded from...
./lib/autoconf/general.m4:2305: AC_CACHE_VAL is expanded from...
./lib/autoconf/general.m4:2326: AC_CACHE_CHECK is expanded from...
acinclude.m4:1914: GMP_ASM_TYPE is expanded from...
configure.ac:2784: the top level
configure.ac:2785: warning: The macro 'AC_FD_CC' is obsolete.
configure.ac:2785: You should run autoupdate.
./lib/autoconf/general.m4:400: AC_FD_CC is expanded from...
acinclude.m4:1506: GMP_TRY_ASSEMBLE is expanded from...
lib/m4sugar/m4sh.m4:689: _AS_IF_ELSE is expanded from...
lib/m4sugar/m4sh.m4:696: AS_IF is expanded from...
./lib/autoconf/general.m4:2305: AC_CACHE_VAL is expanded from...
./lib/autoconf/general.m4:2326: AC_CACHE_CHECK is expanded from...
acinclude.m4:1936: GMP_ASM_SIZE is expanded from...
configure.ac:2785: the top level
configure.ac:2786: warning: The macro 'AC_FD_CC' is obsolete.
configure.ac:2786: You should run autoupdate.
./lib/autoconf/general.m4:400: AC_FD_CC is expanded from...
lib/m4sugar/m4sh.m4:689: _AS_IF_ELSE is expanded from...
lib/m4sugar/m4sh.m4:696: AS_IF is expanded from...
./lib/autoconf/general.m4:2305: AC_CACHE_VAL is expanded from...
./lib/autoconf/general.m4:2326: AC_CACHE_CHECK is expanded from...
acinclude.m4:2049: GMP_ASM_LSYM_PREFIX is expanded from...
configure.ac:2786: the top level
configure.ac:2786: warning: The macro 'AC_FD_CC' is obsolete.
configure.ac:2786: You should run autoupdate.
./lib/autoconf/general.m4:400: AC_FD_CC is expanded from...
acinclude.m4:1506: GMP_TRY_ASSEMBLE is expanded from...
lib/m4sugar/m4sh.m4:689: _AS_IF_ELSE is expanded from...
lib/m4sugar/m4sh.m4:696: AS_IF is expanded from...
./lib/autoconf/general.m4:2305: AC_CACHE_VAL is expanded from...
./lib/autoconf/general.m4:2326: AC_CACHE_CHECK is expanded from...
acinclude.m4:2049: GMP_ASM_LSYM_PREFIX is expanded from...
configure.ac:2786: the top level
configure.ac:2787: warning: The macro 'AC_FD_CC' is obsolete.
configure.ac:2787: You should run autoupdate.
./lib/autoconf/general.m4:400: AC_FD_CC is expanded from...
lib/m4sugar/m4sh.m4:689: _AS_IF_ELSE is expanded from...
lib/m4sugar/m4sh.m4:696: AS_IF is expanded from...
./lib/autoconf/general.m4:2305: AC_CACHE_VAL is expanded from...
./lib/autoconf/general.m4:2326: AC_CACHE_CHECK is expanded from...
acinclude.m4:1715: GMP_ASM_BYTE is expanded from...
acinclude.m4:2108: GMP_ASM_W32 is expanded from...
configure.ac:2787: the top level
configure.ac:2787: warning: The macro 'AC_FD_CC' is obsolete.
configure.ac:2787: You should run autoupdate.
./lib/autoconf/general.m4:400: AC_FD_CC is expanded from...
acinclude.m4:1506: GMP_TRY_ASSEMBLE is expanded from...
lib/m4sugar/m4sh.m4:689: _AS_IF_ELSE is expanded from...
lib/m4sugar/m4sh.m4:696: AS_IF is expanded from...
./lib/autoconf/general.m4:2305: AC_CACHE_VAL is expanded from...
./lib/autoconf/general.m4:2326: AC_CACHE_CHECK is expanded from...
acinclude.m4:1715: GMP_ASM_BYTE is expanded from...
acinclude.m4:2108: GMP_ASM_W32 is expanded from...
configure.ac:2787: the top level
configure.ac:2787: warning: The macro 'AC_FD_CC' is obsolete.
configure.ac:2787: You should run autoupdate.
./lib/autoconf/general.m4:400: AC_FD_CC is expanded from...
acinclude.m4:1506: GMP_TRY_ASSEMBLE is expanded from...
lib/m4sugar/m4sh.m4:689: _AS_IF_ELSE is expanded from...
lib/m4sugar/m4sh.m4:696: AS_IF is expanded from...
./lib/autoconf/general.m4:2305: AC_CACHE_VAL is expanded from...
./lib/autoconf/general.m4:2326: AC_CACHE_CHECK is expanded from...
acinclude.m4:2108: GMP_ASM_W32 is expanded from...
configure.ac:2787: the top level
configure.ac:2788: warning: The macro 'AC_FD_CC' is obsolete.
configure.ac:2788: You should run autoupdate.
./lib/autoconf/general.m4:400: AC_FD_CC is expanded from...
acinclude.m4:1506: GMP_TRY_ASSEMBLE is expanded from...
lib/m4sugar/m4sh.m4:689: _AS_IF_ELSE is expanded from...
lib/m4sugar/m4sh.m4:696: AS_IF is expanded from...
./lib/autoconf/general.m4:2305: AC_CACHE_VAL is expanded from...
./lib/autoconf/general.m4:2326: AC_CACHE_CHECK is expanded from...
acinclude.m4:1627: GMP_ASM_ALIGN_LOG is expanded from...
configure.ac:2788: the top level
configure.ac:2791: warning: The macro 'AC_FD_CC' is obsolete.
configure.ac:2791: You should run autoupdate.
./lib/autoconf/general.m4:400: AC_FD_CC is expanded from...
acinclude.m4:1506: GMP_TRY_ASSEMBLE is expanded from...
lib/m4sugar/m4sh.m4:689: _AS_IF_ELSE is expanded from...
lib/m4sugar/m4sh.m4:696: AS_IF is expanded from...
./lib/autoconf/general.m4:2305: AC_CACHE_VAL is expanded from...
./lib/autoconf/general.m4:2326: AC_CACHE_CHECK is expanded from...
acinclude.m4:2579: GMP_ASM_IA64_ALIGN_OK is expanded from...
configure.ac:2791: the top level
configure.ac:2794: warning: The macro 'AC_FD_CC' is obsolete.
configure.ac:2794: You should run autoupdate.
./lib/autoconf/general.m4:400: AC_FD_CC is expanded from...
lib/m4sugar/m4sh.m4:689: _AS_IF_ELSE is expanded from...
lib/m4sugar/m4sh.m4:696: AS_IF is expanded from...
./lib/autoconf/general.m4:2305: AC_CACHE_VAL is expanded from...
./lib/autoconf/general.m4:2326: AC_CACHE_CHECK is expanded from...
acinclude.m4:2699: GMP_ASM_POWERPC_PIC_ALWAYS is expanded from...
configure.ac:2794: the top level
configure.ac:2795: warning: The macro 'AC_FD_CC' is obsolete.
configure.ac:2795: You should run autoupdate.
./lib/autoconf/general.m4:400: AC_FD_CC is expanded from...
acinclude.m4:1506: GMP_TRY_ASSEMBLE is expanded from...
lib/m4sugar/m4sh.m4:689: _AS_IF_ELSE is expanded from...
lib/m4sugar/m4sh.m4:696: AS_IF is expanded from...
./lib/autoconf/general.m4:2305: AC_CACHE_VAL is expanded from...
./lib/autoconf/general.m4:2326: AC_CACHE_CHECK is expanded from...
acinclude.m4:2736: GMP_ASM_POWERPC_R_REGISTERS is expanded from...
configure.ac:2795: the top level
configure.ac:2795: warning: The macro 'AC_FD_CC' is obsolete.
configure.ac:2795: You should run autoupdate.
./lib/autoconf/general.m4:400: AC_FD_CC is expanded from...
acinclude.m4:1506: GMP_TRY_ASSEMBLE is expanded from...
acinclude.m4:1506: GMP_TRY_ASSEMBLE is expanded from...
lib/m4sugar/m4sh.m4:689: _AS_IF_ELSE is expanded from...
lib/m4sugar/m4sh.m4:696: AS_IF is expanded from...
./lib/autoconf/general.m4:2305: AC_CACHE_VAL is expanded from...
./lib/autoconf/general.m4:2326: AC_CACHE_CHECK is expanded from...
acinclude.m4:2736: GMP_ASM_POWERPC_R_REGISTERS is expanded from...
configure.ac:2795: the top level
configure.ac:2828: warning: The macro 'AC_FD_CC' is obsolete.
configure.ac:2828: You should run autoupdate.
./lib/autoconf/general.m4:400: AC_FD_CC is expanded from...
acinclude.m4:1506: GMP_TRY_ASSEMBLE is expanded from...
lib/m4sugar/m4sh.m4:689: _AS_IF_ELSE is expanded from...
lib/m4sugar/m4sh.m4:696: AS_IF is expanded from...
./lib/autoconf/general.m4:2305: AC_CACHE_VAL is expanded from...
./lib/autoconf/general.m4:2326: AC_CACHE_CHECK is expanded from...
acinclude.m4:2761: GMP_ASM_SPARC_REGISTER is expanded from...
configure.ac:2828: the top level
configure.ac:2833: warning: The macro 'AC_FD_CC' is obsolete.
configure.ac:2833: You should run autoupdate.
./lib/autoconf/general.m4:400: AC_FD_CC is expanded from...
acinclude.m4:1506: GMP_TRY_ASSEMBLE is expanded from...
lib/m4sugar/m4sh.m4:689: _AS_IF_ELSE is expanded from...
lib/m4sugar/m4sh.m4:696: AS_IF is expanded from...
./lib/autoconf/general.m4:2305: AC_CACHE_VAL is expanded from...
./lib/autoconf/general.m4:2326: AC_CACHE_CHECK is expanded from...
acinclude.m4:1686: GMP_ASM_ALIGN_FILL_0x90 is expanded from...
configure.ac:2833: the top level
configure.ac:2837: warning: The macro 'AC_FD_CC' is obsolete.
configure.ac:2837: You should run autoupdate.
./lib/autoconf/general.m4:400: AC_FD_CC is expanded from...
acinclude.m4:1506: GMP_TRY_ASSEMBLE is expanded from...
lib/m4sugar/m4sh.m4:689: _AS_IF_ELSE is expanded from...
lib/m4sugar/m4sh.m4:696: AS_IF is expanded from...
./lib/autoconf/general.m4:2305: AC_CACHE_VAL is expanded from...
./lib/autoconf/general.m4:2326: AC_CACHE_CHECK is expanded from...
acinclude.m4:1992: GMP_ASM_COFF_TYPE is expanded from...
configure.ac:2837: the top level
configure.ac:2838: warning: The macro 'AC_FD_CC' is obsolete.
configure.ac:2838: You should run autoupdate.
./lib/autoconf/general.m4:400: AC_FD_CC is expanded from...
lib/m4sugar/m4sh.m4:689: _AS_IF_ELSE is expanded from...
lib/m4sugar/m4sh.m4:696: AS_IF is expanded from...
./lib/autoconf/general.m4:2305: AC_CACHE_VAL is expanded from...
./lib/autoconf/general.m4:2326: AC_CACHE_CHECK is expanded from...
acinclude.m4:2192: GMP_ASM_X86_GOT_UNDERSCORE is expanded from...
configure.ac:2838: the top level
configure.ac:2839: warning: The macro 'AC_FD_CC' is obsolete.
configure.ac:2839: You should run autoupdate.
./lib/autoconf/general.m4:400: AC_FD_CC is expanded from...
acinclude.m4:1506: GMP_TRY_ASSEMBLE is expanded from...
lib/m4sugar/m4sh.m4:689: _AS_IF_ELSE is expanded from...
lib/m4sugar/m4sh.m4:696: AS_IF is expanded from...
./lib/autoconf/general.m4:2305: AC_CACHE_VAL is expanded from...
./lib/autoconf/general.m4:2326: AC_CACHE_CHECK is expanded from...
acinclude.m4:2416: GMP_ASM_X86_SHLDL_CL is expanded from...
configure.ac:2839: the top level
configure.ac:2841: warning: The macro 'AC_PROG_LIBTOOL' is obsolete.
configure.ac:2841: You should run autoupdate.
aclocal.m4:122: AC_PROG_LIBTOOL is expanded from...
acinclude.m4:2506: GMP_ASM_X86_MCOUNT is expanded from...
configure.ac:2841: the top level
configure.ac:2841: warning: The macro 'AC_FD_CC' is obsolete.
configure.ac:2841: You should run autoupdate.
./lib/autoconf/general.m4:400: AC_FD_CC is expanded from...
acinclude.m4:2506: GMP_ASM_X86_MCOUNT is expanded from...
configure.ac:2841: the top level
/Library/Developer/CommandLineTools/usr/bin/make -C deps/mpir clean
make[1]: *** No rule to make target `clean'.  Stop.
make: [deps/mpir/Makefile] Error 2 (ignored)
cd deps/mpir; \
	./configure --enable-cxx --prefix=/Users/antoinecyr/Documents/Source/orbis-experiment-deps/MP-SPDZ/local
checking build system type... arm-apple-darwin24.6.0
checking host system type... arm-apple-darwin24.6.0
checking for a BSD-compatible install... /usr/bin/install -c
checking whether sleep supports fractional seconds... yes
checking filesystem timestamp resolution... 2
checking whether build environment is sane... yes
checking for a race-free mkdir -p... mkdir -p
checking for gawk... no
checking for mawk... no
checking for nawk... no
checking for awk... awk
checking whether make sets $(MAKE)... yes
checking whether make supports nested variables... yes
checking xargs -n works... yes
checking whether UID '501' is supported by ustar format... yes
checking whether GID '20' is supported by ustar format... yes
checking how to create a ustar tar archive... gnutar
checking whether to enable maintainer-specific portions of Makefiles... no
checking ABI=standard
checking whether clang -Wno-error=implicit-function-declaration -Wno-error=implicit-int is gcc... yes
checking compiler clang -Wno-error=implicit-function-declaration -Wno-error=implicit-int -O2 -fomit-frame-pointer ... yes
checking whether ARM gcc unsigned division works... yes
checking for gcc... clang -Wno-error=implicit-function-declaration -Wno-error=implicit-int
checking whether the C compiler works... yes
checking for C compiler default output file name... a.out
checking for suffix of executables... 
checking whether we are cross compiling... no
checking for suffix of object files... o
checking whether the compiler supports GNU C... yes
checking whether clang -Wno-error=implicit-function-declaration -Wno-error=implicit-int accepts -g... yes
checking for clang -Wno-error=implicit-function-declaration -Wno-error=implicit-int option to enable C23 features... -std=gnu23
checking whether clang -Wno-error=implicit-function-declaration -Wno-error=implicit-int -std=gnu23 understands -c and -o together... yes
checking for stdio.h... yes
checking for stdlib.h... yes
checking for string.h... yes
checking for inttypes.h... yes
checking for stdint.h... yes
checking for strings.h... yes
checking for sys/stat.h... yes
checking for sys/types.h... yes
checking for unistd.h... yes
checking for wchar.h... yes
checking for minix/config.h... no
checking for sys/time.h... yes
checking whether it is safe to define __EXTENSIONS__... yes
checking whether _XOPEN_SOURCE should be defined... no
checking for gcc... (cached) clang -Wno-error=implicit-function-declaration -Wno-error=implicit-int
checking whether the compiler supports GNU C... (cached) yes
checking whether clang -Wno-error=implicit-function-declaration -Wno-error=implicit-int accepts -g... (cached) yes
checking for clang -Wno-error=implicit-function-declaration -Wno-error=implicit-int option to enable C23 features... (cached) -std=gnu23
checking whether clang -Wno-error=implicit-function-declaration -Wno-error=implicit-int -std=gnu23 understands -c and -o together... (cached) yes
checking how to run the C preprocessor... clang -Wno-error=implicit-function-declaration -Wno-error=implicit-int -std=gnu23 -E
checking build system compiler clang -Wno-error=implicit-function-declaration -Wno-error=implicit-int -std=gnu23... yes
checking for build system preprocessor... clang -Wno-error=implicit-function-declaration -Wno-error=implicit-int -std=gnu23 -E
checking for build system executable suffix... 
checking whether build system compiler is ANSI... no
checking for build system compiler math library... -lm
Looking for a system-wide yasm...
configure: error: no system-wide yasm found
make: *** [local/lib/libmpirxx.so] Error 1
