configure: WARNING: unrecognized options: --disable-assembly
checking build system type... arm-apple-darwin24.6.0
checking host system type... arm-apple-darwin24.6.0
checking for a BSD-compatible install... /usr/bin/install -c
checking whether sleep supports fractional seconds... yes
checking filesystem timestamp resolution... 2
checking whether build environment is sane... yes
checking for a race-free mkdir -p... mkdir -p
checking for gawk... no
checking for mawk... no
checking for nawk... no
checking for awk... awk
checking whether make sets $(MAKE)... yes
checking whether make supports nested variables... yes
checking xargs -n works... yes
checking whether UID '501' is supported by ustar format... yes
checking whether GID '20' is supported by ustar format... yes
checking how to create a ustar tar archive... gnutar
checking whether to enable maintainer-specific portions of Makefiles... no
checking ABI=standard
checking whether clang -Wno-error=implicit-function-declaration -Wno-error=implicit-int is gcc... yes
checking compiler clang -Wno-error=implicit-function-declaration -Wno-error=implicit-int -O2 -fomit-frame-pointer ... yes
checking whether ARM gcc unsigned division works... yes
checking for gcc... clang -Wno-error=implicit-function-declaration -Wno-error=implicit-int
checking whether the C compiler works... yes
checking for C compiler default output file name... a.out
checking for suffix of executables... 
checking whether we are cross compiling... no
checking for suffix of object files... o
checking whether the compiler supports GNU C... yes
checking whether clang -Wno-error=implicit-function-declaration -Wno-error=implicit-int accepts -g... yes
checking for clang -Wno-error=implicit-function-declaration -Wno-error=implicit-int option to enable C23 features... -std=gnu23
checking whether clang -Wno-error=implicit-function-declaration -Wno-error=implicit-int -std=gnu23 understands -c and -o together... yes
checking for stdio.h... yes
checking for stdlib.h... yes
checking for string.h... yes
checking for inttypes.h... yes
checking for stdint.h... yes
checking for strings.h... yes
checking for sys/stat.h... yes
checking for sys/types.h... yes
checking for unistd.h... yes
checking for wchar.h... yes
checking for minix/config.h... no
checking for sys/time.h... yes
checking whether it is safe to define __EXTENSIONS__... yes
checking whether _XOPEN_SOURCE should be defined... no
checking for gcc... (cached) clang -Wno-error=implicit-function-declaration -Wno-error=implicit-int
checking whether the compiler supports GNU C... (cached) yes
checking whether clang -Wno-error=implicit-function-declaration -Wno-error=implicit-int accepts -g... (cached) yes
checking for clang -Wno-error=implicit-function-declaration -Wno-error=implicit-int option to enable C23 features... (cached) -std=gnu23
checking whether clang -Wno-error=implicit-function-declaration -Wno-error=implicit-int -std=gnu23 understands -c and -o together... (cached) yes
checking how to run the C preprocessor... clang -Wno-error=implicit-function-declaration -Wno-error=implicit-int -std=gnu23 -E
checking build system compiler clang -Wno-error=implicit-function-declaration -Wno-error=implicit-int -std=gnu23... yes
checking for build system preprocessor... clang -Wno-error=implicit-function-declaration -Wno-error=implicit-int -std=gnu23 -E
checking for build system executable suffix... 
checking whether build system compiler is ANSI... no
checking for build system compiler math library... -lm
Looking for a system-wide yasm...
Checking yasm...
checking for g++... g++
checking whether the compiler supports GNU C++... yes
checking whether g++ accepts -g... yes
checking C++ compiler g++  -O2 -fomit-frame-pointer... yes
using ABI="standard"
      CC="clang -Wno-error=implicit-function-declaration -Wno-error=implicit-int -std=gnu23"
      CFLAGS="-O2 -fomit-frame-pointer"
      CPPFLAGS=""
      CXX="g++"
      CXXFLAGS="-O2 -fomit-frame-pointer"
      MPN_PATH=" arm generic"
checking for ar... ar
checking for BSD- or MS-compatible name lister (nm)... ./configure: line 12004: 1q: command not found
./configure: line 12010: 1q: command not found
/usr/bin/nm
checking the name lister (/usr/bin/nm) interface... ./configure: line 12188: External.*some_variable: command not found
BSD nm
checking how to print strings... printf
checking for a sed that does not truncate output... /usr/bin/sed
checking for grep that handles long lines and -e... /usr/bin/grep
checking for egrep... /usr/bin/grep -E
checking for fgrep... /usr/bin/grep -F
checking for ld used by clang -Wno-error=implicit-function-declaration -Wno-error=implicit-int -std=gnu23... /Library/Developer/CommandLineTools/usr/bin/ld
checking if the linker (/Library/Developer/CommandLineTools/usr/bin/ld) is GNU ld... no
checking whether ln -s works... yes
checking the maximum length of command line arguments... 786432
checking how to convert arm-apple-darwin24.6.0 file names to arm-apple-darwin24.6.0 format... func_convert_file_noop
checking how to convert arm-apple-darwin24.6.0 file names to toolchain format... func_convert_file_noop
checking for /Library/Developer/CommandLineTools/usr/bin/ld option to reload object files... -r
checking for file... file
checking for objdump... objdump
checking how to recognize dependent libraries... pass_all
checking for dlltool... no
checking how to associate runtime and link libraries... printf %s\n
checking for ranlib... ranlib
checking for archiver @FILE support... no
checking for strip... strip
checking command to parse /usr/bin/nm output from clang -Wno-error=implicit-function-declaration -Wno-error=implicit-int -std=gnu23 object... ok
checking for sysroot... no
checking for a working dd... /bin/dd
checking how to truncate binary pipes... /bin/dd bs=4096 count=1
checking for mt... no
checking if : is a manifest tool... no
checking for dsymutil... dsymutil
checking for nmedit... nmedit
checking for lipo... lipo
checking for otool... otool
checking for otool64... no
checking for -single_module linker flag... ld: warning: -single_module is obsolete
no
checking for -no_fixup_chains linker flag... yes
checking for -exported_symbols_list linker flag... yes
checking for -force_load linker flag... yes
checking for dlfcn.h... yes
checking which variant of shared library versioning to provide... (default) aix
checking for objdir... .libs
checking if clang -Wno-error=implicit-function-declaration -Wno-error=implicit-int -std=gnu23 supports -fno-rtti -fno-exceptions... yes
checking for clang -Wno-error=implicit-function-declaration -Wno-error=implicit-int -std=gnu23 option to produce PIC... -fno-common -DPIC
checking if clang -Wno-error=implicit-function-declaration -Wno-error=implicit-int -std=gnu23 PIC flag -fno-common -DPIC works... yes
checking if clang -Wno-error=implicit-function-declaration -Wno-error=implicit-int -std=gnu23 static flag -static works... no
checking if clang -Wno-error=implicit-function-declaration -Wno-error=implicit-int -std=gnu23 supports -c -o file.o... yes
checking if clang -Wno-error=implicit-function-declaration -Wno-error=implicit-int -std=gnu23 supports -c -o file.o... (cached) yes
checking whether the clang -Wno-error=implicit-function-declaration -Wno-error=implicit-int -std=gnu23 linker (/Library/Developer/CommandLineTools/usr/bin/ld) supports shared libraries... yes
checking dynamic linker characteristics... darwin24.6.0 dyld
checking how to hardcode library paths into programs... immediate
checking whether stripping libraries is possible... yes
checking if libtool supports shared libraries... yes
checking whether to build shared libraries... yes
checking whether to build static libraries... yes
checking how to run the C++ preprocessor... g++ -E
checking for ld used by g++... /Library/Developer/CommandLineTools/usr/bin/ld
checking if the linker (/Library/Developer/CommandLineTools/usr/bin/ld) is GNU ld... no
checking whether the g++ linker (/Library/Developer/CommandLineTools/usr/bin/ld) supports shared libraries... yes
checking for g++ option to produce PIC... -fno-common -DPIC
checking if g++ PIC flag -fno-common -DPIC works... yes
checking if g++ static flag -static works... no
checking if g++ supports -c -o file.o... yes
checking if g++ supports -c -o file.o... (cached) yes
checking whether the g++ linker (/Library/Developer/CommandLineTools/usr/bin/ld) supports shared libraries... yes
checking dynamic linker characteristics... darwin24.6.0 dyld
checking how to hardcode library paths into programs... immediate
checking for egrep... (cached) /usr/bin/grep -E
checking for fenv.h... yes
checking for fcntl.h... yes
checking for float.h... yes
checking for langinfo.h... yes
checking for locale.h... yes
checking for nl_types.h... yes
checking for sys/mman.h... yes
checking for sys/param.h... yes
checking for sys/processor.h... no
checking for sys/pstat.h... no
checking for sys/sysinfo.h... no
checking for sys/systemcfg.h... no
checking for sys/time.h... (cached) yes
checking for sys/times.h... yes
checking for sys/resource.h... yes
checking for sys/sysctl.h... yes
checking for clang -Wno-error=implicit-function-declaration -Wno-error=implicit-int -std=gnu23 options to detect undeclared functions... -fno-builtin
checking for clang -Wno-error=implicit-function-declaration -Wno-error=implicit-int -std=gnu23 options to ignore future-version functions... -Werror=unguarded-availability-new
checking whether fgetc is declared... yes
checking whether fscanf is declared... yes
checking whether optarg is declared... yes
checking whether ungetc is declared... yes
checking whether vfprintf is declared... yes
checking whether sys_errlist is declared... yes
checking whether sys_nerr is declared... yes
checking for intmax_t... yes
checking for uintmax_t... yes
checking for long double... yes
checking for long long... yes
checking for quad_t... yes
checking for uint_least32_t... yes
checking for working volatile... yes
checking whether <stdarg.h> exists and works... yes
checking whether gcc __attribute__ ((const)) works... yes
checking whether gcc __attribute__ ((malloc)) works... yes
checking whether gcc __attribute__ ((mode (XX))) works... yes
checking whether gcc __attribute__ ((noreturn)) works... yes
checking for inline... inline
configure: WARNING: mpir.h doesnt recognise compiler "inline", inlines will be unavailable
checking for working alloca.h... yes
checking for alloca (via gmp-impl.h)... yes
checking how to allocate temporary memory... alloca
checking whether byte ordering is bigendian... no
checking format of `double' floating point... IEEE little endian
checking for alarm... yes
checking for attr_get... no
checking for clock... yes
checking for clock_gettime... yes
checking for cputime... no
checking for getpagesize... yes
checking for getrusage... yes
checking for gettimeofday... yes
checking for getsysinfo... no
checking for localeconv... yes
checking for mmap... yes
checking for nl_langinfo... yes
checking for obstack_vprintf... no
checking for popen... yes
checking for processor_info... yes
checking for pstat_getprocessor... no
checking for raise... yes
checking for read_real_time... no
checking for syssgi... no
checking for strerror... yes
checking for strnlen... yes
checking for strtol... yes
checking for strtoul... yes
checking for sysconf... yes
checking for sysctl... yes
checking for sysctlbyname... yes
checking for times... yes
checking for mprotect... yes
checking for vsnprintf... yes
checking whether vsnprintf works... yes
checking whether sscanf needs writable input... no
checking for struct pst_processor.psp_iticksperclktick... no
checking for sstream... yes
checking for std::locale... yes
checking for suitable m4... m4
checking if m4wrap produces spurious output... no
checking how to switch to text section... .text
checking how to switch to data section... .data
checking for assembler label suffix... :
checking for assembler global directive... .globl
checking for assembler global directive attribute... 
checking if globals are prefixed by underscore... yes
checking how to switch to read-only data section... 	.section	__TEXT,__const
checking for assembler .type directive... 
checking for assembler .size directive... 
checking for assembler local label prefix... L
checking for assembler byte directive... .byte
checking how to define a 32-bit word... .long
checking if .align assembly directive is logarithmic... yes
checking size of unsigned short... 2
checking size of unsigned... 4
checking size of unsigned long... 8
checking size of uintmax_t... 8
checking size of mp_limb_t... 8
creating config.m4
checking that generated files are newer than configure... done
configure: creating ./config.status
config.status: creating longlong.h
config.status: creating Makefile
config.status: creating mpf/Makefile
config.status: creating mpn/Makefile
config.status: creating fft/Makefile
config.status: creating mpq/Makefile
config.status: creating mpz/Makefile
config.status: creating printf/Makefile
config.status: creating scanf/Makefile
config.status: creating cxx/Makefile
config.status: creating tests/Makefile
config.status: creating tests/devel/Makefile
config.status: creating tests/mpf/Makefile
config.status: creating tests/mpn/Makefile
config.status: creating tests/fft/Makefile
config.status: creating tests/mpq/Makefile
config.status: creating tests/mpz/Makefile
config.status: creating tests/rand/Makefile
config.status: creating tests/misc/Makefile
config.status: creating tests/cxx/Makefile
config.status: creating doc/Makefile
config.status: creating tune/Makefile
config.status: creating mpir.h
config.status: creating config.h
config.status: config.h is unchanged
config.status: linking mpn/generic/add.c to mpn/add.c
config.status: linking mpn/generic/add_1.c to mpn/add_1.c
config.status: linking mpn/arm/add_n.asm to mpn/add_n.asm
config.status: linking mpn/generic/sub.c to mpn/sub.c
config.status: linking mpn/generic/sub_1.c to mpn/sub_1.c
config.status: linking mpn/arm/sub_n.asm to mpn/sub_n.asm
config.status: linking mpn/arm/mul_1.asm to mpn/mul_1.asm
config.status: linking mpn/arm/addmul_1.asm to mpn/addmul_1.asm
config.status: linking mpn/arm/submul_1.asm to mpn/submul_1.asm
config.status: linking mpn/generic/lshift.c to mpn/lshift.c
config.status: linking mpn/generic/rshift.c to mpn/rshift.c
config.status: linking mpn/generic/addadd_n.c to mpn/addadd_n.c
config.status: linking mpn/generic/addsub_n.c to mpn/addsub_n.c
config.status: linking mpn/generic/subadd_n.c to mpn/subadd_n.c
config.status: linking mpn/generic/comb_tables.c to mpn/comb_tables.c
config.status: linking mpn/generic/divexact_1.c to mpn/divexact_1.c
config.status: linking mpn/generic/divexact_by3c.c to mpn/divexact_by3c.c
config.status: linking mpn/generic/divexact_byff.c to mpn/divexact_byff.c
config.status: linking mpn/generic/divexact_byfobm1.c to mpn/divexact_byfobm1.c
config.status: linking mpn/generic/divisible_p.c to mpn/divisible_p.c
config.status: linking mpn/generic/divrem.c to mpn/divrem.c
config.status: linking mpn/generic/divrem_1.c to mpn/divrem_1.c
config.status: linking mpn/generic/divrem_2.c to mpn/divrem_2.c
config.status: linking mpn/generic/divrem_euclidean_qr_1.c to mpn/divrem_euclidean_qr_1.c
config.status: linking mpn/generic/divrem_euclidean_qr_2.c to mpn/divrem_euclidean_qr_2.c
config.status: linking mpn/generic/divrem_euclidean_r_1.c to mpn/divrem_euclidean_r_1.c
config.status: linking mpn/generic/divrem_hensel_qr_1.c to mpn/divrem_hensel_qr_1.c
config.status: linking mpn/generic/divrem_hensel_qr_1_1.c to mpn/divrem_hensel_qr_1_1.c
config.status: linking mpn/generic/divrem_hensel_qr_1_2.c to mpn/divrem_hensel_qr_1_2.c
config.status: linking mpn/generic/divrem_hensel_r_1.c to mpn/divrem_hensel_r_1.c
config.status: linking mpn/generic/divrem_hensel_rsh_qr_1.c to mpn/divrem_hensel_rsh_qr_1.c
config.status: linking mpn/generic/rsh_divrem_hensel_qr_1.c to mpn/rsh_divrem_hensel_qr_1.c
config.status: linking mpn/generic/rsh_divrem_hensel_qr_1_1.c to mpn/rsh_divrem_hensel_qr_1_1.c
config.status: linking mpn/generic/rsh_divrem_hensel_qr_1_2.c to mpn/rsh_divrem_hensel_qr_1_2.c
config.status: linking mpn/generic/add_err1_n.c to mpn/add_err1_n.c
config.status: linking mpn/generic/add_err2_n.c to mpn/add_err2_n.c
config.status: linking mpn/generic/sub_err1_n.c to mpn/sub_err1_n.c
config.status: linking mpn/generic/sub_err2_n.c to mpn/sub_err2_n.c
config.status: linking mpn/generic/fib2_ui.c to mpn/fib2_ui.c
config.status: linking mpn/generic/mod_1.c to mpn/mod_1.c
config.status: linking mpn/generic/mod_34lsub1.c to mpn/mod_34lsub1.c
config.status: linking mpn/generic/modexact_1c_odd.c to mpn/modexact_1c_odd.c
config.status: linking mpn/generic/preinv_divrem_1.c to mpn/preinv_divrem_1.c
config.status: linking mpn/generic/preinv_mod_1.c to mpn/preinv_mod_1.c
config.status: linking mpn/generic/dump.c to mpn/dump.c
config.status: linking mpn/generic/gcd_subdiv_step.c to mpn/gcd_subdiv_step.c
config.status: linking mpn/generic/gcdext_lehmer.c to mpn/gcdext_lehmer.c
config.status: linking mpn/generic/gcdext_1.c to mpn/gcdext_1.c
config.status: linking mpn/generic/hgcd.c to mpn/hgcd.c
config.status: linking mpn/generic/matrix22_mul.c to mpn/matrix22_mul.c
config.status: linking mpn/generic/hgcd2.c to mpn/hgcd2.c
config.status: linking mpn/generic/hgcd2_jacobi.c to mpn/hgcd2_jacobi.c
config.status: linking mpn/generic/hgcd_appr.c to mpn/hgcd_appr.c
config.status: linking mpn/generic/hgcd_jacobi.c to mpn/hgcd_jacobi.c
config.status: linking mpn/generic/hgcd_matrix.c to mpn/hgcd_matrix.c
config.status: linking mpn/generic/hgcd_reduce.c to mpn/hgcd_reduce.c
config.status: linking mpn/generic/hgcd_step.c to mpn/hgcd_step.c
config.status: linking mpn/generic/matrix22_mul1_inverse_vector.c to mpn/matrix22_mul1_inverse_vector.c
config.status: linking mpn/generic/mod_1_1.c to mpn/mod_1_1.c
config.status: linking mpn/generic/mod_1_2.c to mpn/mod_1_2.c
config.status: linking mpn/generic/mod_1_3.c to mpn/mod_1_3.c
config.status: linking mpn/generic/tdiv_q.c to mpn/tdiv_q.c
config.status: linking mpn/generic/mp_bases.c to mpn/mp_bases.c
config.status: linking mpn/generic/fib_table.c to mpn/fib_table.c
config.status: linking mpn/generic/mulmid_basecase.c to mpn/mulmid_basecase.c
config.status: linking mpn/generic/mulmid.c to mpn/mulmid.c
config.status: linking mpn/generic/mulmid_n.c to mpn/mulmid_n.c
config.status: linking mpn/generic/toom42_mulmid.c to mpn/toom42_mulmid.c
config.status: linking mpn/generic/mulmod_bexpp1.c to mpn/mulmod_bexpp1.c
config.status: linking mpn/generic/mulmod_2expm1.c to mpn/mulmod_2expm1.c
config.status: linking mpn/generic/mulmod_2expp1_basecase.c to mpn/mulmod_2expp1_basecase.c
config.status: linking mpn/generic/mul_fft.c to mpn/mul_fft.c
config.status: linking mpn/generic/mul.c to mpn/mul.c
config.status: linking mpn/generic/mul_n.c to mpn/mul_n.c
config.status: linking mpn/generic/mul_basecase.c to mpn/mul_basecase.c
config.status: linking mpn/generic/sqr_basecase.c to mpn/sqr_basecase.c
config.status: linking mpn/generic/random.c to mpn/random.c
config.status: linking mpn/generic/random2.c to mpn/random2.c
config.status: linking mpn/generic/pow_1.c to mpn/pow_1.c
config.status: linking mpn/generic/powlo.c to mpn/powlo.c
config.status: linking mpn/generic/powm.c to mpn/powm.c
config.status: linking mpn/generic/binvert.c to mpn/binvert.c
config.status: linking mpn/generic/urandomb.c to mpn/urandomb.c
config.status: linking mpn/generic/urandomm.c to mpn/urandomm.c
config.status: linking mpn/generic/randomb.c to mpn/randomb.c
config.status: linking mpn/generic/rrandom.c to mpn/rrandom.c
config.status: linking mpn/generic/invert.c to mpn/invert.c
config.status: linking mpn/generic/rootrem.c to mpn/rootrem.c
config.status: linking mpn/generic/sizeinbase.c to mpn/sizeinbase.c
config.status: linking mpn/generic/sqrtrem.c to mpn/sqrtrem.c
config.status: linking mpn/generic/get_str.c to mpn/get_str.c
config.status: linking mpn/generic/set_str.c to mpn/set_str.c
config.status: linking mpn/generic/scan0.c to mpn/scan0.c
config.status: linking mpn/generic/scan1.c to mpn/scan1.c
config.status: linking mpn/generic/popcount.c to mpn/popcount.c
config.status: linking mpn/generic/hamdist.c to mpn/hamdist.c
config.status: linking mpn/generic/cmp.c to mpn/cmp.c
config.status: linking mpn/generic/perfect_square_p.c to mpn/perfect_square_p.c
config.status: linking mpn/generic/bdivmod.c to mpn/bdivmod.c
config.status: linking mpn/generic/gcd.c to mpn/gcd.c
config.status: linking mpn/generic/gcd_1.c to mpn/gcd_1.c
config.status: linking mpn/generic/gcdext.c to mpn/gcdext.c
config.status: linking mpn/generic/tdiv_qr.c to mpn/tdiv_qr.c
config.status: linking mpn/generic/jacobi_base.c to mpn/jacobi_base.c
config.status: linking mpn/generic/jacobi.c to mpn/jacobi.c
config.status: linking mpn/generic/jacobi_2.c to mpn/jacobi_2.c
config.status: linking mpn/generic/get_d.c to mpn/get_d.c
config.status: linking mpn/generic/mullow_n.c to mpn/mullow_n.c
config.status: linking mpn/generic/mulhigh_n.c to mpn/mulhigh_n.c
config.status: linking mpn/generic/mullow_n_basecase.c to mpn/mullow_n_basecase.c
config.status: linking mpn/generic/mullow_basecase.c to mpn/mullow_basecase.c
config.status: linking mpn/generic/redc_1.c to mpn/redc_1.c
config.status: linking mpn/generic/redc_2.c to mpn/redc_2.c
config.status: linking mpn/generic/redc_n.c to mpn/redc_n.c
config.status: linking mpn/generic/sb_divappr_q.c to mpn/sb_divappr_q.c
config.status: linking mpn/generic/toom3_mul.c to mpn/toom3_mul.c
config.status: linking mpn/generic/toom3_mul_n.c to mpn/toom3_mul_n.c
config.status: linking mpn/generic/toom4_mul.c to mpn/toom4_mul.c
config.status: linking mpn/generic/toom4_mul_n.c to mpn/toom4_mul_n.c
config.status: linking mpn/generic/dc_div_q.c to mpn/dc_div_q.c
config.status: linking mpn/generic/dc_divappr_q.c to mpn/dc_divappr_q.c
config.status: linking mpn/generic/sb_div_q.c to mpn/sb_div_q.c
config.status: linking mpn/generic/sb_div_qr.c to mpn/sb_div_qr.c
config.status: linking mpn/generic/dc_div_qr.c to mpn/dc_div_qr.c
config.status: linking mpn/generic/dc_div_qr_n.c to mpn/dc_div_qr_n.c
config.status: linking mpn/generic/inv_divappr_q_n.c to mpn/inv_divappr_q_n.c
config.status: linking mpn/generic/inv_divappr_q.c to mpn/inv_divappr_q.c
config.status: linking mpn/generic/inv_div_q.c to mpn/inv_div_q.c
config.status: linking mpn/generic/inv_div_qr.c to mpn/inv_div_qr.c
config.status: linking mpn/generic/inv_div_qr_n.c to mpn/inv_div_qr_n.c
config.status: linking mpn/generic/rootrem_basecase.c to mpn/rootrem_basecase.c
config.status: linking mpn/generic/toom_eval_dgr3_pm1.c to mpn/toom_eval_dgr3_pm1.c
config.status: linking mpn/generic/toom_eval_dgr3_pm2.c to mpn/toom_eval_dgr3_pm2.c
config.status: linking mpn/generic/toom_eval_pm1.c to mpn/toom_eval_pm1.c
config.status: linking mpn/generic/toom_eval_pm2.c to mpn/toom_eval_pm2.c
config.status: linking mpn/generic/toom_eval_pm2exp.c to mpn/toom_eval_pm2exp.c
config.status: linking mpn/generic/toom_eval_pm2rexp.c to mpn/toom_eval_pm2rexp.c
config.status: linking mpn/generic/toom_interpolate_16pts.c to mpn/toom_interpolate_16pts.c
config.status: linking mpn/generic/toom8_sqr_n.c to mpn/toom8_sqr_n.c
config.status: linking mpn/generic/toom8h_mul.c to mpn/toom8h_mul.c
config.status: linking mpn/generic/toom_couple_handling.c to mpn/toom_couple_handling.c
config.status: linking mpn/generic/sb_bdiv_q.c to mpn/sb_bdiv_q.c
config.status: linking mpn/generic/sb_bdiv_qr.c to mpn/sb_bdiv_qr.c
config.status: linking mpn/generic/dc_bdiv_q_n.c to mpn/dc_bdiv_q_n.c
config.status: linking mpn/generic/dc_bdiv_q.c to mpn/dc_bdiv_q.c
config.status: linking mpn/generic/dc_bdiv_qr.c to mpn/dc_bdiv_qr.c
config.status: linking mpn/generic/dc_bdiv_qr_n.c to mpn/dc_bdiv_qr_n.c
config.status: linking mpn/generic/divexact.c to mpn/divexact.c
config.status: linking mpn/generic/zero.c to mpn/zero.c
config.status: linking mpn/generic/zero_p.c to mpn/zero_p.c
config.status: linking mpn/arm/udiv.asm to mpn/udiv.asm
config.status: linking mpn/arm/copyi.asm to mpn/copyi.asm
config.status: linking mpn/arm/copyd.asm to mpn/copyd.asm
config.status: linking mpn/generic/com_n.c to mpn/com_n.c
config.status: linking mpn/generic/neg_n.c to mpn/neg_n.c
config.status: linking mpn/generic/and_n.c to mpn/and_n.c
config.status: linking mpn/generic/andn_n.c to mpn/andn_n.c
config.status: linking mpn/generic/nand_n.c to mpn/nand_n.c
config.status: linking mpn/generic/ior_n.c to mpn/ior_n.c
config.status: linking mpn/generic/iorn_n.c to mpn/iorn_n.c
config.status: linking mpn/generic/nior_n.c to mpn/nior_n.c
config.status: linking mpn/generic/xor_n.c to mpn/xor_n.c
config.status: linking mpn/generic/xnor_n.c to mpn/xnor_n.c
config.status: linking mpn/arm/invert_limb.asm to mpn/invert_limb.asm
config.status: linking mpn/generic/sumdiff_n.c to mpn/sumdiff_n.c
config.status: linking mpn/generic/nsumdiff_n.c to mpn/nsumdiff_n.c
config.status: linking mpn/arm/gmp-mparam.h to gmp-mparam.h
config.status: linking yasm_mac.inc.nofat to yasm_mac.inc
config.status: executing libtool commands
configure: WARNING: unrecognized options: --disable-assembly
/Library/Developer/CommandLineTools/usr/bin/make  install-recursive
Making install in tests
Making install in .
make[4]: Nothing to be done for `install-exec-am'.
make[4]: Nothing to be done for `install-data-am'.
Making install in devel
make[4]: Nothing to be done for `install-exec-am'.
make[4]: Nothing to be done for `install-data-am'.
Making install in mpn
make[4]: Nothing to be done for `install-exec-am'.
make[4]: Nothing to be done for `install-data-am'.
Making install in fft
make[4]: Nothing to be done for `install-exec-am'.
make[4]: Nothing to be done for `install-data-am'.
Making install in mpz
make[4]: Nothing to be done for `install-exec-am'.
make[4]: Nothing to be done for `install-data-am'.
Making install in mpq
make[4]: Nothing to be done for `install-exec-am'.
make[4]: Nothing to be done for `install-data-am'.
Making install in mpf
make[4]: Nothing to be done for `install-exec-am'.
make[4]: Nothing to be done for `install-data-am'.
Making install in rand
make[4]: Nothing to be done for `install-exec-am'.
make[4]: Nothing to be done for `install-data-am'.
Making install in misc
make[4]: Nothing to be done for `install-exec-am'.
make[4]: Nothing to be done for `install-data-am'.
Making install in cxx
make[4]: Nothing to be done for `install-exec-am'.
make[4]: Nothing to be done for `install-data-am'.
Making install in mpn
/bin/sh ../libtool --mode=compile --tag=CC ../mpn/m4-ccas --m4="m4" clang -Wno-error=implicit-function-declaration -Wno-error=implicit-int -std=gnu23 -c -DHAVE_CONFIG_H -D__GMP_WITHIN_GMP -I.. -DOPERATION_`echo add_n | sed 's/_$//'`   -O2 -fomit-frame-pointer  -I. -I..  `test -f 'add_n.asm' || echo './'`add_n.asm
/bin/sh ../libtool  --tag=CC   --mode=compile clang -Wno-error=implicit-function-declaration -Wno-error=implicit-int -std=gnu23 -DHAVE_CONFIG_H -I. -I..  -D__GMP_WITHIN_GMP -I.. -DOPERATION_`echo sub_1 | sed 's/_$//'`   -O2 -fomit-frame-pointer -c -o sub_1.lo sub_1.c
libtool: compile:  clang -Wno-error=implicit-function-declaration -Wno-error=implicit-int -std=gnu23 -DHAVE_CONFIG_H -I. -I.. -D__GMP_WITHIN_GMP -I.. -DOPERATION_sub_1 -O2 -fomit-frame-pointer -c sub_1.c  -fno-common -DPIC -o .libs/sub_1.o
libtool: compile:  ../mpn/m4-ccas --m4=m4 clang -Wno-error=implicit-function-declaration -Wno-error=implicit-int -std=gnu23 -c -DHAVE_CONFIG_H -D__GMP_WITHIN_GMP -I.. -DOPERATION_add_n -O2 -fomit-frame-pointer -I. -I.. add_n.asm  -fno-common -DPIC -o .libs/add_n.o
m4  -DHAVE_CONFIG_H -D__GMP_WITHIN_GMP -DOPERATION_add_n -DPIC add_n.asm >tmp-add_n.s
 clang -Wno-error=implicit-function-declaration -Wno-error=implicit-int -std=gnu23 -c -DHAVE_CONFIG_H -D__GMP_WITHIN_GMP -I.. -DOPERATION_add_n -O2 -fomit-frame-pointer -I. -I.. tmp-add_n.s -fno-common -DPIC -o .libs/add_n.o
libtool: compile:  clang -Wno-error=implicit-function-declaration -Wno-error=implicit-int -std=gnu23 -DHAVE_CONFIG_H -I. -I.. -D__GMP_WITHIN_GMP -I.. -DOPERATION_sub_1 -O2 -fomit-frame-pointer -c sub_1.c -o sub_1.o >/dev/null 2>&1
tmp-add_n.s:57:16: error: vector register expected
 stmfd r13!, { r8, r9, r14 }
               ^
tmp-add_n.s:57:18: error: unknown token in expression
 stmfd r13!, { r8, r9, r14 }
                 ^
tmp-add_n.s:57:18: error: invalid operand
 stmfd r13!, { r8, r9, r14 }
                 ^
tmp-add_n.s:58:19: error: unexpected token in argument list
 movs r3, r3, lsr #1
                  ^
tmp-add_n.s:60:6: error: invalid operand for instruction
 ldr r12, [r1], #4
     ^
tmp-add_n.s:61:6: error: invalid operand for instruction
 ldr r14, [r2], #4
     ^
tmp-add_n.s:62:7: error: invalid operand for instruction
 adds r12, r12, r14
      ^
tmp-add_n.s:63:6: error: invalid operand for instruction
 str r12, [r0], #4
     ^
tmp-add_n.s:65:6: error: invalid operand for instruction
 tst r3, #1
     ^
tmp-add_n.s:67:15: error: vector register expected
 ldmia r1!, { r8, r9 }
              ^
tmp-add_n.s:67:17: error: unknown token in expression
 ldmia r1!, { r8, r9 }
                ^
tmp-add_n.s:67:17: error: invalid operand
 ldmia r1!, { r8, r9 }
                ^
tmp-add_n.s:68:15: error: vector register expected
 ldmia r2!, { r12, r14 }
              ^
tmp-add_n.s:68:18: error: unknown token in expression
 ldmia r2!, { r12, r14 }
                 ^
tmp-add_n.s:68:18: error: invalid operand
 ldmia r2!, { r12, r14 }
                 ^
tmp-add_n.s:69:7: error: invalid operand for instruction
 adcs r8, r8, r12
      ^
tmp-add_n.s:70:7: error: invalid operand for instruction
 adcs r9, r9, r14
      ^
tmp-add_n.s:71:15: error: vector register expected
 stmia r0!, { r8, r9 }
              ^
tmp-add_n.s:71:17: error: unknown token in expression
 stmia r0!, { r8, r9 }
                ^
tmp-add_n.s:71:17: error: invalid operand
 stmia r0!, { r8, r9 }
                ^
tmp-add_n.s:73:7: error: invalid operand for instruction
 bics r3, r3, #1
      ^
tmp-add_n.s:75:16: error: vector register expected
 stmfd r13!, { r4, r5, r6, r7 }
               ^
tmp-add_n.s:75:18: error: unknown token in expression
 stmfd r13!, { r4, r5, r6, r7 }
                 ^
tmp-add_n.s:75:18: error: invalid operand
 stmfd r13!, { r4, r5, r6, r7 }
                 ^
tmp-add_n.s:77:15: error: vector register expected
 ldmia r1!, { r4, r5, r6, r7 }
              ^
tmp-add_n.s:77:17: error: unknown token in expression
 ldmia r1!, { r4, r5, r6, r7 }
                ^
tmp-add_n.s:77:17: error: invalid operand
 ldmia r1!, { r4, r5, r6, r7 }
                ^
tmp-add_n.s:78:15: error: vector register expected
 ldmia r2!, { r8, r9, r12, r14 }
              ^
tmp-add_n.s:78:17: error: unknown token in expression
 ldmia r2!, { r8, r9, r12, r14 }
                ^
tmp-add_n.s:78:17: error: invalid operand
 ldmia r2!, { r8, r9, r12, r14 }
                ^
tmp-add_n.s:79:7: error: invalid operand for instruction
 adcs r4, r4, r8
      ^
tmp-add_n.s:80:6: error: invalid operand for instruction
 ldr r8, [r0, #12]
     ^
tmp-add_n.s:81:7: error: invalid operand for instruction
 adcs r5, r5, r9
      ^
tmp-add_n.s:82:7: error: invalid operand for instruction
 adcs r6, r6, r12
      ^
tmp-add_n.s:83:7: error: invalid operand for instruction
 adcs r7, r7, r14
      ^
tmp-add_n.s:84:15: error: vector register expected
 stmia r0!, { r4, r5, r6, r7 }
              ^
tmp-add_n.s:84:17: error: unknown token in expression
 stmia r0!, { r4, r5, r6, r7 }
                ^
tmp-add_n.s:84:17: error: invalid operand
 stmia r0!, { r4, r5, r6, r7 }
                ^
tmp-add_n.s:85:6: error: invalid operand for instruction
 sub r3, r3, #2
     ^
tmp-add_n.s:86:2: error: unrecognized instruction mnemonic
 teq r3, #0
 ^
tmp-add_n.s:88:16: error: vector register expected
 ldmfd r13!, { r4, r5, r6, r7 }
               ^
tmp-add_n.s:88:18: error: unknown token in expression
 ldmfd r13!, { r4, r5, r6, r7 }
                 ^
tmp-add_n.s:88:18: error: invalid operand
 ldmfd r13!, { r4, r5, r6, r7 }
                 ^
tmp-add_n.s:90:6: error: invalid operand for instruction
 adc r0, r3, #0
     ^
tmp-add_n.s:91:16: error: vector register expected
 ldmfd r13!, { r8, r9, r15 }
               ^
tmp-add_n.s:91:18: error: unknown token in expression
 ldmfd r13!, { r8, r9, r15 }
                 ^
tmp-add_n.s:91:18: error: invalid operand
 ldmfd r13!, { r8, r9, r15 }
                 ^
make[2]: *** [add_n.lo] Error 1
make[2]: *** Waiting for unfinished jobs....
make[1]: *** [install-recursive] Error 1
make: *** [install] Error 2
